#! /home/amir/.icestudio/apio/packages/tools-oss-cad-suite/bin/vvp
:ivl_version "13.0 (devel)" "(s20221226-321-gd22bb3d25)";
:ivl_delay_selection "TYPICAL";
:vpi_time_precision + 0;
:vpi_module "/home/amir/.icestudio/apio/packages/tools-oss-cad-suite/lib/ivl/system.vpi";
:vpi_module "/home/amir/.icestudio/apio/packages/tools-oss-cad-suite/lib/ivl/vhdl_sys.vpi";
:vpi_module "/home/amir/.icestudio/apio/packages/tools-oss-cad-suite/lib/ivl/vhdl_textio.vpi";
:vpi_module "/home/amir/.icestudio/apio/packages/tools-oss-cad-suite/lib/ivl/v2005_math.vpi";
:vpi_module "/home/amir/.icestudio/apio/packages/tools-oss-cad-suite/lib/ivl/va_math.vpi";
S_0x5555570c1470 .scope module, "$__ABC9_LUT5" "$__ABC9_LUT5" 2 22;
 .timescale 0 0;
    .port_info 0 /INPUT 1 "M0";
    .port_info 1 /INPUT 1 "D";
    .port_info 2 /INPUT 1 "C";
    .port_info 3 /INPUT 1 "B";
    .port_info 4 /INPUT 1 "A";
    .port_info 5 /OUTPUT 1 "Z";
o0x783b24c27018 .functor BUFZ 1, C4<z>; HiZ drive
v0x55555701e840_0 .net "A", 0 0, o0x783b24c27018;  0 drivers
o0x783b24c27048 .functor BUFZ 1, C4<z>; HiZ drive
v0x555556ffe270_0 .net "B", 0 0, o0x783b24c27048;  0 drivers
o0x783b24c27078 .functor BUFZ 1, C4<z>; HiZ drive
v0x555556ffe120_0 .net "C", 0 0, o0x783b24c27078;  0 drivers
o0x783b24c270a8 .functor BUFZ 1, C4<z>; HiZ drive
v0x55555706b3c0_0 .net "D", 0 0, o0x783b24c270a8;  0 drivers
o0x783b24c270d8 .functor BUFZ 1, C4<z>; HiZ drive
v0x5555570d3300_0 .net "M0", 0 0, o0x783b24c270d8;  0 drivers
o0x783b24c27108 .functor BUFZ 1, C4<z>; HiZ drive
v0x555556fafce0_0 .net "Z", 0 0, o0x783b24c27108;  0 drivers
S_0x5555570c7e80 .scope module, "$__ABC9_LUT6" "$__ABC9_LUT6" 2 36;
 .timescale 0 0;
    .port_info 0 /INPUT 1 "M1";
    .port_info 1 /INPUT 1 "M0";
    .port_info 2 /INPUT 1 "D";
    .port_info 3 /INPUT 1 "C";
    .port_info 4 /INPUT 1 "B";
    .port_info 5 /INPUT 1 "A";
    .port_info 6 /OUTPUT 1 "Z";
o0x783b24c27258 .functor BUFZ 1, C4<z>; HiZ drive
v0x5555570f3170_0 .net "A", 0 0, o0x783b24c27258;  0 drivers
o0x783b24c27288 .functor BUFZ 1, C4<z>; HiZ drive
v0x5555570f3250_0 .net "B", 0 0, o0x783b24c27288;  0 drivers
o0x783b24c272b8 .functor BUFZ 1, C4<z>; HiZ drive
v0x5555570f3310_0 .net "C", 0 0, o0x783b24c272b8;  0 drivers
o0x783b24c272e8 .functor BUFZ 1, C4<z>; HiZ drive
v0x5555570f33b0_0 .net "D", 0 0, o0x783b24c272e8;  0 drivers
o0x783b24c27318 .functor BUFZ 1, C4<z>; HiZ drive
v0x5555570f3470_0 .net "M0", 0 0, o0x783b24c27318;  0 drivers
o0x783b24c27348 .functor BUFZ 1, C4<z>; HiZ drive
v0x5555570f3580_0 .net "M1", 0 0, o0x783b24c27348;  0 drivers
o0x783b24c27378 .functor BUFZ 1, C4<z>; HiZ drive
v0x5555570f3640_0 .net "Z", 0 0, o0x783b24c27378;  0 drivers
S_0x5555570d80d0 .scope module, "$__ABC9_LUT7" "$__ABC9_LUT7" 2 51;
 .timescale 0 0;
    .port_info 0 /INPUT 1 "M2";
    .port_info 1 /INPUT 1 "M1";
    .port_info 2 /INPUT 1 "M0";
    .port_info 3 /INPUT 1 "D";
    .port_info 4 /INPUT 1 "C";
    .port_info 5 /INPUT 1 "B";
    .port_info 6 /INPUT 1 "A";
    .port_info 7 /OUTPUT 1 "Z";
o0x783b24c274f8 .functor BUFZ 1, C4<z>; HiZ drive
v0x5555570f37e0_0 .net "A", 0 0, o0x783b24c274f8;  0 drivers
o0x783b24c27528 .functor BUFZ 1, C4<z>; HiZ drive
v0x5555570f38c0_0 .net "B", 0 0, o0x783b24c27528;  0 drivers
o0x783b24c27558 .functor BUFZ 1, C4<z>; HiZ drive
v0x5555570f3980_0 .net "C", 0 0, o0x783b24c27558;  0 drivers
o0x783b24c27588 .functor BUFZ 1, C4<z>; HiZ drive
v0x5555570f3a20_0 .net "D", 0 0, o0x783b24c27588;  0 drivers
o0x783b24c275b8 .functor BUFZ 1, C4<z>; HiZ drive
v0x5555570f3ae0_0 .net "M0", 0 0, o0x783b24c275b8;  0 drivers
o0x783b24c275e8 .functor BUFZ 1, C4<z>; HiZ drive
v0x5555570f3bf0_0 .net "M1", 0 0, o0x783b24c275e8;  0 drivers
o0x783b24c27618 .functor BUFZ 1, C4<z>; HiZ drive
v0x5555570f3cb0_0 .net "M2", 0 0, o0x783b24c27618;  0 drivers
o0x783b24c27648 .functor BUFZ 1, C4<z>; HiZ drive
v0x5555570f3d70_0 .net "Z", 0 0, o0x783b24c27648;  0 drivers
S_0x5555570d7d10 .scope module, "CCU2C" "CCU2C" 2 76;
 .timescale 0 0;
    .port_info 0 /INPUT 1 "CIN";
    .port_info 1 /INPUT 1 "A0";
    .port_info 2 /INPUT 1 "B0";
    .port_info 3 /INPUT 1 "C0";
    .port_info 4 /INPUT 1 "D0";
    .port_info 5 /INPUT 1 "A1";
    .port_info 6 /INPUT 1 "B1";
    .port_info 7 /INPUT 1 "C1";
    .port_info 8 /INPUT 1 "D1";
    .port_info 9 /OUTPUT 1 "S0";
    .port_info 10 /OUTPUT 1 "S1";
    .port_info 11 /OUTPUT 1 "COUT";
P_0x5555570d1fd0 .param/l "INIT0" 0 2 84, C4<0000000000000000>;
P_0x5555570d2010 .param/l "INIT1" 0 2 85, C4<0000000000000000>;
P_0x5555570d2050 .param/str "INJECT1_0" 0 2 86, "YES";
P_0x5555570d2090 .param/str "INJECT1_1" 0 2 87, "YES";
L_0x783b24bde138 .functor BUFT 1, C4<0>, C4<0>, C4<0>, C4<0>;
L_0x555556ff3b90 .functor XOR 1, L_0x55555710a540, L_0x783b24bde138, C4<0>, C4<0>;
L_0x55555710ac90 .functor NOT 1, L_0x55555710a540, C4<0>, C4<0>, C4<0>;
L_0x783b24bde180 .functor BUFT 1, C4<0>, C4<0>, C4<0>, C4<0>;
L_0x55555710ad90 .functor AND 1, L_0x55555710ac90, L_0x783b24bde180, C4<1>, C4<1>;
o0x783b24c28338 .functor BUFZ 1, C4<z>; HiZ drive
L_0x55555710ae50 .functor AND 1, L_0x55555710a540, o0x783b24c28338, C4<1>, C4<1>;
L_0x55555710aef0 .functor OR 1, L_0x55555710ad90, L_0x55555710ae50, C4<0>, C4<0>;
L_0x783b24bde2e8 .functor BUFT 1, C4<0>, C4<0>, C4<0>, C4<0>;
L_0x55555710c090 .functor XOR 1, L_0x55555710b9d0, L_0x783b24bde2e8, C4<0>, C4<0>;
L_0x55555710c190 .functor NOT 1, L_0x55555710b9d0, C4<0>, C4<0>, C4<0>;
L_0x783b24bde330 .functor BUFT 1, C4<0>, C4<0>, C4<0>, C4<0>;
L_0x55555710c290 .functor AND 1, L_0x55555710c190, L_0x783b24bde330, C4<1>, C4<1>;
L_0x55555710c3a0 .functor AND 1, L_0x55555710b9d0, L_0x55555710aef0, C4<1>, C4<1>;
L_0x55555710c460 .functor OR 1, L_0x55555710c290, L_0x55555710c3a0, C4<0>, C4<0>;
o0x783b24c277f8 .functor BUFZ 1, C4<z>; HiZ drive
v0x5555570f75f0_0 .net "A0", 0 0, o0x783b24c277f8;  0 drivers
o0x783b24c27a08 .functor BUFZ 1, C4<z>; HiZ drive
v0x5555570f76b0_0 .net "A1", 0 0, o0x783b24c27a08;  0 drivers
o0x783b24c27828 .functor BUFZ 1, C4<z>; HiZ drive
v0x5555570f77c0_0 .net "B0", 0 0, o0x783b24c27828;  0 drivers
o0x783b24c27a38 .functor BUFZ 1, C4<z>; HiZ drive
v0x5555570f78b0_0 .net "B1", 0 0, o0x783b24c27a38;  0 drivers
o0x783b24c27c18 .functor BUFZ 1, C4<z>; HiZ drive
v0x5555570f79a0_0 .net "C0", 0 0, o0x783b24c27c18;  0 drivers
o0x783b24c27fa8 .functor BUFZ 1, C4<z>; HiZ drive
v0x5555570f7a90_0 .net "C1", 0 0, o0x783b24c27fa8;  0 drivers
v0x5555570f7b30_0 .net "CIN", 0 0, o0x783b24c28338;  0 drivers
v0x5555570f7bd0_0 .net "COUT", 0 0, L_0x55555710c460;  1 drivers
o0x783b24c27c48 .functor BUFZ 1, C4<z>; HiZ drive
v0x5555570f7c70_0 .net "D0", 0 0, o0x783b24c27c48;  0 drivers
o0x783b24c27fd8 .functor BUFZ 1, C4<z>; HiZ drive
v0x5555570f7da0_0 .net "D1", 0 0, o0x783b24c27fd8;  0 drivers
v0x5555570f7e40_0 .net "LUT2_0", 0 0, L_0x55555710a9f0;  1 drivers
v0x5555570f7ee0_0 .net "LUT2_1", 0 0, L_0x55555710bec0;  1 drivers
v0x5555570f7fb0_0 .net "LUT4_0", 0 0, L_0x55555710a540;  1 drivers
v0x5555570f8080_0 .net "LUT4_1", 0 0, L_0x55555710b9d0;  1 drivers
v0x5555570f8150_0 .net "S0", 0 0, L_0x555556ff3b90;  1 drivers
v0x5555570f81f0_0 .net "S1", 0 0, L_0x55555710c090;  1 drivers
v0x5555570f8290_0 .net *"_ivl_10", 0 0, L_0x55555710ae50;  1 drivers
v0x5555570f8440_0 .net *"_ivl_20", 0 0, L_0x55555710c190;  1 drivers
v0x5555570f84e0_0 .net *"_ivl_22", 0 0, L_0x55555710c290;  1 drivers
v0x5555570f85c0_0 .net *"_ivl_24", 0 0, L_0x55555710c3a0;  1 drivers
v0x5555570f86a0_0 .net *"_ivl_6", 0 0, L_0x55555710ac90;  1 drivers
v0x5555570f8780_0 .net *"_ivl_8", 0 0, L_0x55555710ad90;  1 drivers
v0x5555570f8860_0 .net "cout_0", 0 0, L_0x55555710aef0;  1 drivers
v0x5555570f8920_0 .net "gated_cin_0", 0 0, L_0x783b24bde138;  1 drivers
v0x5555570f89e0_0 .net "gated_cin_1", 0 0, L_0x783b24bde2e8;  1 drivers
v0x5555570f8aa0_0 .net "gated_lut2_0", 0 0, L_0x783b24bde180;  1 drivers
v0x5555570f8b60_0 .net "gated_lut2_1", 0 0, L_0x783b24bde330;  1 drivers
S_0x5555570f3f80 .scope module, "lut2_0" "LUT2" 2 92, 2 300 0, S_0x5555570d7d10;
 .timescale 0 0;
    .port_info 0 /INPUT 1 "A";
    .port_info 1 /INPUT 1 "B";
    .port_info 2 /OUTPUT 1 "Z";
P_0x5555570f4130 .param/l "INIT" 0 2 301, C4<0000>;
v0x5555570f42a0_0 .net "A", 0 0, o0x783b24c277f8;  alias, 0 drivers
v0x5555570f4380_0 .net "B", 0 0, o0x783b24c27828;  alias, 0 drivers
v0x5555570f4440_0 .net "Z", 0 0, L_0x55555710a9f0;  alias, 1 drivers
L_0x783b24bde0a8 .functor BUFT 1, C4<00>, C4<0>, C4<0>, C4<0>;
v0x5555570f44e0_0 .net/2u *"_ivl_0", 1 0, L_0x783b24bde0a8;  1 drivers
L_0x783b24bde0f0 .functor BUFT 1, C4<00>, C4<0>, C4<0>, C4<0>;
v0x5555570f45c0_0 .net/2u *"_ivl_2", 1 0, L_0x783b24bde0f0;  1 drivers
v0x5555570f46f0_0 .net *"_ivl_7", 0 0, L_0x55555710a860;  1 drivers
v0x5555570f47d0_0 .net *"_ivl_9", 0 0, L_0x55555710a950;  1 drivers
v0x5555570f48b0_0 .net "s1", 1 0, L_0x55555710a6e0;  1 drivers
L_0x55555710a6e0 .functor MUXZ 2, L_0x783b24bde0f0, L_0x783b24bde0a8, o0x783b24c27828, C4<>;
L_0x55555710a860 .part L_0x55555710a6e0, 1, 1;
L_0x55555710a950 .part L_0x55555710a6e0, 0, 1;
L_0x55555710a9f0 .functor MUXZ 1, L_0x55555710a950, L_0x55555710a860, o0x783b24c277f8, C4<>;
S_0x5555570f4a10 .scope module, "lut2_1" "LUT2" 2 102, 2 300 0, S_0x5555570d7d10;
 .timescale 0 0;
    .port_info 0 /INPUT 1 "A";
    .port_info 1 /INPUT 1 "B";
    .port_info 2 /OUTPUT 1 "Z";
P_0x5555570f4bf0 .param/l "INIT" 0 2 301, C4<0000>;
v0x5555570f4d40_0 .net "A", 0 0, o0x783b24c27a08;  alias, 0 drivers
v0x5555570f4e20_0 .net "B", 0 0, o0x783b24c27a38;  alias, 0 drivers
v0x5555570f4ee0_0 .net "Z", 0 0, L_0x55555710bec0;  alias, 1 drivers
L_0x783b24bde258 .functor BUFT 1, C4<00>, C4<0>, C4<0>, C4<0>;
v0x5555570f4f80_0 .net/2u *"_ivl_0", 1 0, L_0x783b24bde258;  1 drivers
L_0x783b24bde2a0 .functor BUFT 1, C4<00>, C4<0>, C4<0>, C4<0>;
v0x5555570f5060_0 .net/2u *"_ivl_2", 1 0, L_0x783b24bde2a0;  1 drivers
v0x5555570f5190_0 .net *"_ivl_7", 0 0, L_0x55555710bd30;  1 drivers
v0x5555570f5270_0 .net *"_ivl_9", 0 0, L_0x55555710be20;  1 drivers
v0x5555570f5350_0 .net "s1", 1 0, L_0x55555710bc00;  1 drivers
L_0x55555710bc00 .functor MUXZ 2, L_0x783b24bde2a0, L_0x783b24bde258, o0x783b24c27a38, C4<>;
L_0x55555710bd30 .part L_0x55555710bc00, 1, 1;
L_0x55555710be20 .part L_0x55555710bc00, 0, 1;
L_0x55555710bec0 .functor MUXZ 1, L_0x55555710be20, L_0x55555710bd30, o0x783b24c27a08, C4<>;
S_0x5555570f54b0 .scope module, "lut4_0" "LUT4" 2 91, 2 4 0, S_0x5555570d7d10;
 .timescale 0 0;
    .port_info 0 /INPUT 1 "A";
    .port_info 1 /INPUT 1 "B";
    .port_info 2 /INPUT 1 "C";
    .port_info 3 /INPUT 1 "D";
    .port_info 4 /OUTPUT 1 "Z";
P_0x5555570f5690 .param/l "INIT" 0 2 5, C4<0000000000000000>;
v0x5555570f5780_0 .net "A", 0 0, o0x783b24c277f8;  alias, 0 drivers
v0x5555570f5820_0 .net "B", 0 0, o0x783b24c27828;  alias, 0 drivers
v0x5555570f58f0_0 .net "C", 0 0, o0x783b24c27c18;  alias, 0 drivers
v0x5555570f59c0_0 .net "D", 0 0, o0x783b24c27c48;  alias, 0 drivers
v0x5555570f5a60_0 .net "Z", 0 0, L_0x55555710a540;  alias, 1 drivers
L_0x783b24bde018 .functor BUFT 1, C4<00000000>, C4<0>, C4<0>, C4<0>;
v0x5555570f5b00_0 .net/2u *"_ivl_0", 7 0, L_0x783b24bde018;  1 drivers
v0x5555570f5be0_0 .net *"_ivl_13", 1 0, L_0x55555710a050;  1 drivers
v0x5555570f5cc0_0 .net *"_ivl_15", 1 0, L_0x55555710a140;  1 drivers
v0x5555570f5da0_0 .net *"_ivl_19", 0 0, L_0x55555710a360;  1 drivers
L_0x783b24bde060 .functor BUFT 1, C4<00000000>, C4<0>, C4<0>, C4<0>;
v0x5555570f5e80_0 .net/2u *"_ivl_2", 7 0, L_0x783b24bde060;  1 drivers
v0x5555570f5f60_0 .net *"_ivl_21", 0 0, L_0x55555710a4a0;  1 drivers
v0x5555570f6040_0 .net *"_ivl_7", 3 0, L_0x555557109d00;  1 drivers
v0x5555570f6120_0 .net *"_ivl_9", 3 0, L_0x555557109df0;  1 drivers
v0x5555570f6200_0 .net "s1", 1 0, L_0x55555710a220;  1 drivers
v0x5555570f62e0_0 .net "s2", 3 0, L_0x555557109e90;  1 drivers
v0x5555570f63c0_0 .net "s3", 7 0, L_0x555557109b90;  1 drivers
L_0x555557109b90 .functor MUXZ 8, L_0x783b24bde060, L_0x783b24bde018, o0x783b24c27c48, C4<>;
L_0x555557109d00 .part L_0x555557109b90, 4, 4;
L_0x555557109df0 .part L_0x555557109b90, 0, 4;
L_0x555557109e90 .functor MUXZ 4, L_0x555557109df0, L_0x555557109d00, o0x783b24c27c18, C4<>;
L_0x55555710a050 .part L_0x555557109e90, 2, 2;
L_0x55555710a140 .part L_0x555557109e90, 0, 2;
L_0x55555710a220 .functor MUXZ 2, L_0x55555710a140, L_0x55555710a050, o0x783b24c27828, C4<>;
L_0x55555710a360 .part L_0x55555710a220, 1, 1;
L_0x55555710a4a0 .part L_0x55555710a220, 0, 1;
L_0x55555710a540 .functor MUXZ 1, L_0x55555710a4a0, L_0x55555710a360, o0x783b24c277f8, C4<>;
S_0x5555570f6540 .scope module, "lut4_1" "LUT4" 2 101, 2 4 0, S_0x5555570d7d10;
 .timescale 0 0;
    .port_info 0 /INPUT 1 "A";
    .port_info 1 /INPUT 1 "B";
    .port_info 2 /INPUT 1 "C";
    .port_info 3 /INPUT 1 "D";
    .port_info 4 /OUTPUT 1 "Z";
P_0x5555570f66d0 .param/l "INIT" 0 2 5, C4<0000000000000000>;
v0x5555570f6800_0 .net "A", 0 0, o0x783b24c27a08;  alias, 0 drivers
v0x5555570f68d0_0 .net "B", 0 0, o0x783b24c27a38;  alias, 0 drivers
v0x5555570f69a0_0 .net "C", 0 0, o0x783b24c27fa8;  alias, 0 drivers
v0x5555570f6a70_0 .net "D", 0 0, o0x783b24c27fd8;  alias, 0 drivers
v0x5555570f6b10_0 .net "Z", 0 0, L_0x55555710b9d0;  alias, 1 drivers
L_0x783b24bde1c8 .functor BUFT 1, C4<00000000>, C4<0>, C4<0>, C4<0>;
v0x5555570f6bb0_0 .net/2u *"_ivl_0", 7 0, L_0x783b24bde1c8;  1 drivers
v0x5555570f6c90_0 .net *"_ivl_13", 1 0, L_0x55555710b4e0;  1 drivers
v0x5555570f6d70_0 .net *"_ivl_15", 1 0, L_0x55555710b5d0;  1 drivers
v0x5555570f6e50_0 .net *"_ivl_19", 0 0, L_0x55555710b7f0;  1 drivers
L_0x783b24bde210 .functor BUFT 1, C4<00000000>, C4<0>, C4<0>, C4<0>;
v0x5555570f6f30_0 .net/2u *"_ivl_2", 7 0, L_0x783b24bde210;  1 drivers
v0x5555570f7010_0 .net *"_ivl_21", 0 0, L_0x55555710b930;  1 drivers
v0x5555570f70f0_0 .net *"_ivl_7", 3 0, L_0x55555710b190;  1 drivers
v0x5555570f71d0_0 .net *"_ivl_9", 3 0, L_0x55555710b280;  1 drivers
v0x5555570f72b0_0 .net "s1", 1 0, L_0x55555710b6b0;  1 drivers
v0x5555570f7390_0 .net "s2", 3 0, L_0x55555710b320;  1 drivers
v0x5555570f7470_0 .net "s3", 7 0, L_0x55555710b000;  1 drivers
L_0x55555710b000 .functor MUXZ 8, L_0x783b24bde210, L_0x783b24bde1c8, o0x783b24c27fd8, C4<>;
L_0x55555710b190 .part L_0x55555710b000, 4, 4;
L_0x55555710b280 .part L_0x55555710b000, 0, 4;
L_0x55555710b320 .functor MUXZ 4, L_0x55555710b280, L_0x55555710b190, o0x783b24c27fa8, C4<>;
L_0x55555710b4e0 .part L_0x55555710b320, 2, 2;
L_0x55555710b5d0 .part L_0x55555710b320, 0, 2;
L_0x55555710b6b0 .functor MUXZ 2, L_0x55555710b5d0, L_0x55555710b4e0, o0x783b24c27a38, C4<>;
L_0x55555710b7f0 .part L_0x55555710b6b0, 1, 1;
L_0x55555710b930 .part L_0x55555710b6b0, 0, 1;
L_0x55555710b9d0 .functor MUXZ 1, L_0x55555710b930, L_0x55555710b7f0, o0x783b24c27a08, C4<>;
S_0x5555570d7590 .scope module, "DP16KD" "DP16KD" 2 460;
 .timescale 0 0;
    .port_info 0 /INPUT 1 "DIA17";
    .port_info 1 /INPUT 1 "DIA16";
    .port_info 2 /INPUT 1 "DIA15";
    .port_info 3 /INPUT 1 "DIA14";
    .port_info 4 /INPUT 1 "DIA13";
    .port_info 5 /INPUT 1 "DIA12";
    .port_info 6 /INPUT 1 "DIA11";
    .port_info 7 /INPUT 1 "DIA10";
    .port_info 8 /INPUT 1 "DIA9";
    .port_info 9 /INPUT 1 "DIA8";
    .port_info 10 /INPUT 1 "DIA7";
    .port_info 11 /INPUT 1 "DIA6";
    .port_info 12 /INPUT 1 "DIA5";
    .port_info 13 /INPUT 1 "DIA4";
    .port_info 14 /INPUT 1 "DIA3";
    .port_info 15 /INPUT 1 "DIA2";
    .port_info 16 /INPUT 1 "DIA1";
    .port_info 17 /INPUT 1 "DIA0";
    .port_info 18 /INPUT 1 "ADA13";
    .port_info 19 /INPUT 1 "ADA12";
    .port_info 20 /INPUT 1 "ADA11";
    .port_info 21 /INPUT 1 "ADA10";
    .port_info 22 /INPUT 1 "ADA9";
    .port_info 23 /INPUT 1 "ADA8";
    .port_info 24 /INPUT 1 "ADA7";
    .port_info 25 /INPUT 1 "ADA6";
    .port_info 26 /INPUT 1 "ADA5";
    .port_info 27 /INPUT 1 "ADA4";
    .port_info 28 /INPUT 1 "ADA3";
    .port_info 29 /INPUT 1 "ADA2";
    .port_info 30 /INPUT 1 "ADA1";
    .port_info 31 /INPUT 1 "ADA0";
    .port_info 32 /INPUT 1 "CEA";
    .port_info 33 /INPUT 1 "OCEA";
    .port_info 34 /INPUT 1 "CLKA";
    .port_info 35 /INPUT 1 "WEA";
    .port_info 36 /INPUT 1 "RSTA";
    .port_info 37 /INPUT 1 "CSA2";
    .port_info 38 /INPUT 1 "CSA1";
    .port_info 39 /INPUT 1 "CSA0";
    .port_info 40 /OUTPUT 1 "DOA17";
    .port_info 41 /OUTPUT 1 "DOA16";
    .port_info 42 /OUTPUT 1 "DOA15";
    .port_info 43 /OUTPUT 1 "DOA14";
    .port_info 44 /OUTPUT 1 "DOA13";
    .port_info 45 /OUTPUT 1 "DOA12";
    .port_info 46 /OUTPUT 1 "DOA11";
    .port_info 47 /OUTPUT 1 "DOA10";
    .port_info 48 /OUTPUT 1 "DOA9";
    .port_info 49 /OUTPUT 1 "DOA8";
    .port_info 50 /OUTPUT 1 "DOA7";
    .port_info 51 /OUTPUT 1 "DOA6";
    .port_info 52 /OUTPUT 1 "DOA5";
    .port_info 53 /OUTPUT 1 "DOA4";
    .port_info 54 /OUTPUT 1 "DOA3";
    .port_info 55 /OUTPUT 1 "DOA2";
    .port_info 56 /OUTPUT 1 "DOA1";
    .port_info 57 /OUTPUT 1 "DOA0";
    .port_info 58 /INPUT 1 "DIB17";
    .port_info 59 /INPUT 1 "DIB16";
    .port_info 60 /INPUT 1 "DIB15";
    .port_info 61 /INPUT 1 "DIB14";
    .port_info 62 /INPUT 1 "DIB13";
    .port_info 63 /INPUT 1 "DIB12";
    .port_info 64 /INPUT 1 "DIB11";
    .port_info 65 /INPUT 1 "DIB10";
    .port_info 66 /INPUT 1 "DIB9";
    .port_info 67 /INPUT 1 "DIB8";
    .port_info 68 /INPUT 1 "DIB7";
    .port_info 69 /INPUT 1 "DIB6";
    .port_info 70 /INPUT 1 "DIB5";
    .port_info 71 /INPUT 1 "DIB4";
    .port_info 72 /INPUT 1 "DIB3";
    .port_info 73 /INPUT 1 "DIB2";
    .port_info 74 /INPUT 1 "DIB1";
    .port_info 75 /INPUT 1 "DIB0";
    .port_info 76 /INPUT 1 "ADB13";
    .port_info 77 /INPUT 1 "ADB12";
    .port_info 78 /INPUT 1 "ADB11";
    .port_info 79 /INPUT 1 "ADB10";
    .port_info 80 /INPUT 1 "ADB9";
    .port_info 81 /INPUT 1 "ADB8";
    .port_info 82 /INPUT 1 "ADB7";
    .port_info 83 /INPUT 1 "ADB6";
    .port_info 84 /INPUT 1 "ADB5";
    .port_info 85 /INPUT 1 "ADB4";
    .port_info 86 /INPUT 1 "ADB3";
    .port_info 87 /INPUT 1 "ADB2";
    .port_info 88 /INPUT 1 "ADB1";
    .port_info 89 /INPUT 1 "ADB0";
    .port_info 90 /INPUT 1 "CEB";
    .port_info 91 /INPUT 1 "OCEB";
    .port_info 92 /INPUT 1 "CLKB";
    .port_info 93 /INPUT 1 "WEB";
    .port_info 94 /INPUT 1 "RSTB";
    .port_info 95 /INPUT 1 "CSB2";
    .port_info 96 /INPUT 1 "CSB1";
    .port_info 97 /INPUT 1 "CSB0";
    .port_info 98 /OUTPUT 1 "DOB17";
    .port_info 99 /OUTPUT 1 "DOB16";
    .port_info 100 /OUTPUT 1 "DOB15";
    .port_info 101 /OUTPUT 1 "DOB14";
    .port_info 102 /OUTPUT 1 "DOB13";
    .port_info 103 /OUTPUT 1 "DOB12";
    .port_info 104 /OUTPUT 1 "DOB11";
    .port_info 105 /OUTPUT 1 "DOB10";
    .port_info 106 /OUTPUT 1 "DOB9";
    .port_info 107 /OUTPUT 1 "DOB8";
    .port_info 108 /OUTPUT 1 "DOB7";
    .port_info 109 /OUTPUT 1 "DOB6";
    .port_info 110 /OUTPUT 1 "DOB5";
    .port_info 111 /OUTPUT 1 "DOB4";
    .port_info 112 /OUTPUT 1 "DOB3";
    .port_info 113 /OUTPUT 1 "DOB2";
    .port_info 114 /OUTPUT 1 "DOB1";
    .port_info 115 /OUTPUT 1 "DOB0";
P_0x5555570de750 .param/str "ADA0MUX" 0 2 519, "ADA0";
P_0x5555570de790 .param/str "ADA10MUX" 0 2 509, "ADA10";
P_0x5555570de7d0 .param/str "ADA11MUX" 0 2 508, "ADA11";
P_0x5555570de810 .param/str "ADA12MUX" 0 2 507, "ADA12";
P_0x5555570de850 .param/str "ADA13MUX" 0 2 506, "ADA13";
P_0x5555570de890 .param/str "ADA1MUX" 0 2 518, "ADA1";
P_0x5555570de8d0 .param/str "ADA2MUX" 0 2 517, "ADA2";
P_0x5555570de910 .param/str "ADA3MUX" 0 2 516, "ADA3";
P_0x5555570de950 .param/str "ADA4MUX" 0 2 515, "ADA4";
P_0x5555570de990 .param/str "ADA5MUX" 0 2 514, "ADA5";
P_0x5555570de9d0 .param/str "ADA6MUX" 0 2 513, "ADA6";
P_0x5555570dea10 .param/str "ADA7MUX" 0 2 512, "ADA7";
P_0x5555570dea50 .param/str "ADA8MUX" 0 2 511, "ADA8";
P_0x5555570dea90 .param/str "ADA9MUX" 0 2 510, "ADA9";
P_0x5555570dead0 .param/str "ADB0MUX" 0 2 577, "ADB0";
P_0x5555570deb10 .param/str "ADB10MUX" 0 2 567, "ADB10";
P_0x5555570deb50 .param/str "ADB11MUX" 0 2 566, "ADB11";
P_0x5555570deb90 .param/str "ADB12MUX" 0 2 565, "ADB12";
P_0x5555570debd0 .param/str "ADB13MUX" 0 2 564, "ADB13";
P_0x5555570dec10 .param/str "ADB1MUX" 0 2 576, "ADB1";
P_0x5555570dec50 .param/str "ADB2MUX" 0 2 575, "ADB2";
P_0x5555570dec90 .param/str "ADB3MUX" 0 2 574, "ADB3";
P_0x5555570decd0 .param/str "ADB4MUX" 0 2 573, "ADB4";
P_0x5555570ded10 .param/str "ADB5MUX" 0 2 572, "ADB5";
P_0x5555570ded50 .param/str "ADB6MUX" 0 2 571, "ADB6";
P_0x5555570ded90 .param/str "ADB7MUX" 0 2 570, "ADB7";
P_0x5555570dedd0 .param/str "ADB8MUX" 0 2 569, "ADB8";
P_0x5555570dee10 .param/str "ADB9MUX" 0 2 568, "ADB9";
P_0x5555570dee50 .param/str "ASYNC_RESET_RELEASE" 0 2 480, "SYNC";
P_0x5555570dee90 .param/str "CEAMUX" 0 2 520, "CEA";
P_0x5555570deed0 .param/str "CEBMUX" 0 2 578, "CEB";
P_0x5555570def10 .param/str "CLKAMUX" 0 2 522, "CLKA";
P_0x5555570def50 .param/str "CLKBMUX" 0 2 580, "CLKB";
P_0x5555570def90 .param/str "CSA0MUX" 0 2 527, "CSA0";
P_0x5555570defd0 .param/str "CSA1MUX" 0 2 526, "CSA1";
P_0x5555570df010 .param/str "CSA2MUX" 0 2 525, "CSA2";
P_0x5555570df050 .param/str "CSB0MUX" 0 2 585, "CSB0";
P_0x5555570df090 .param/str "CSB1MUX" 0 2 584, "CSB1";
P_0x5555570df0d0 .param/str "CSB2MUX" 0 2 583, "CSB2";
P_0x5555570df110 .param/str "CSDECODE_A" 0 2 482, "0b000";
P_0x5555570df150 .param/str "CSDECODE_B" 0 2 483, "0b000";
P_0x5555570df190 .param/l "DATA_WIDTH_A" 0 2 473, +C4<00000000000000000000000000010010>;
P_0x5555570df1d0 .param/l "DATA_WIDTH_B" 0 2 474, +C4<00000000000000000000000000010010>;
P_0x5555570df210 .param/str "DIA0MUX" 0 2 505, "DIA0";
P_0x5555570df250 .param/str "DIA10MUX" 0 2 495, "DIA10";
P_0x5555570df290 .param/str "DIA11MUX" 0 2 494, "DIA11";
P_0x5555570df2d0 .param/str "DIA12MUX" 0 2 493, "DIA12";
P_0x5555570df310 .param/str "DIA13MUX" 0 2 492, "DIA13";
P_0x5555570df350 .param/str "DIA14MUX" 0 2 491, "DIA14";
P_0x5555570df390 .param/str "DIA15MUX" 0 2 490, "DIA15";
P_0x5555570df3d0 .param/str "DIA16MUX" 0 2 489, "DIA16";
P_0x5555570df410 .param/str "DIA17MUX" 0 2 488, "DIA17";
P_0x5555570df450 .param/str "DIA1MUX" 0 2 504, "DIA1";
P_0x5555570df490 .param/str "DIA2MUX" 0 2 503, "DIA2";
P_0x5555570df4d0 .param/str "DIA3MUX" 0 2 502, "DIA3";
P_0x5555570df510 .param/str "DIA4MUX" 0 2 501, "DIA4";
P_0x5555570df550 .param/str "DIA5MUX" 0 2 500, "DIA5";
P_0x5555570df590 .param/str "DIA6MUX" 0 2 499, "DIA6";
P_0x5555570df5d0 .param/str "DIA7MUX" 0 2 498, "DIA7";
P_0x5555570df610 .param/str "DIA8MUX" 0 2 497, "DIA8";
P_0x5555570df650 .param/str "DIA9MUX" 0 2 496, "DIA9";
P_0x5555570df690 .param/str "DIB0MUX" 0 2 563, "DIB0";
P_0x5555570df6d0 .param/str "DIB10MUX" 0 2 553, "DIB10";
P_0x5555570df710 .param/str "DIB11MUX" 0 2 552, "DIB11";
P_0x5555570df750 .param/str "DIB12MUX" 0 2 551, "DIB12";
P_0x5555570df790 .param/str "DIB13MUX" 0 2 550, "DIB13";
P_0x5555570df7d0 .param/str "DIB14MUX" 0 2 549, "DIB14";
P_0x5555570df810 .param/str "DIB15MUX" 0 2 548, "DIB15";
P_0x5555570df850 .param/str "DIB16MUX" 0 2 547, "DIB16";
P_0x5555570df890 .param/str "DIB17MUX" 0 2 546, "DIB17";
P_0x5555570df8d0 .param/str "DIB1MUX" 0 2 562, "DIB1";
P_0x5555570df910 .param/str "DIB2MUX" 0 2 561, "DIB2";
P_0x5555570df950 .param/str "DIB3MUX" 0 2 560, "DIB3";
P_0x5555570df990 .param/str "DIB4MUX" 0 2 559, "DIB4";
P_0x5555570df9d0 .param/str "DIB5MUX" 0 2 558, "DIB5";
P_0x5555570dfa10 .param/str "DIB6MUX" 0 2 557, "DIB6";
P_0x5555570dfa50 .param/str "DIB7MUX" 0 2 556, "DIB7";
P_0x5555570dfa90 .param/str "DIB8MUX" 0 2 555, "DIB8";
P_0x5555570dfad0 .param/str "DIB9MUX" 0 2 554, "DIB9";
P_0x5555570dfb10 .param/str "DOA0MUX" 0 2 545, "DOA0";
P_0x5555570dfb50 .param/str "DOA10MUX" 0 2 535, "DOA10";
P_0x5555570dfb90 .param/str "DOA11MUX" 0 2 534, "DOA11";
P_0x5555570dfbd0 .param/str "DOA12MUX" 0 2 533, "DOA12";
P_0x5555570dfc10 .param/str "DOA13MUX" 0 2 532, "DOA13";
P_0x5555570dfc50 .param/str "DOA14MUX" 0 2 531, "DOA14";
P_0x5555570dfc90 .param/str "DOA15MUX" 0 2 530, "DOA15";
P_0x5555570dfcd0 .param/str "DOA16MUX" 0 2 529, "DOA16";
P_0x5555570dfd10 .param/str "DOA17MUX" 0 2 528, "DOA17";
P_0x5555570dfd50 .param/str "DOA1MUX" 0 2 544, "DOA1";
P_0x5555570dfd90 .param/str "DOA2MUX" 0 2 543, "DOA2";
P_0x5555570dfdd0 .param/str "DOA3MUX" 0 2 542, "DOA3";
P_0x5555570dfe10 .param/str "DOA4MUX" 0 2 541, "DOA4";
P_0x5555570dfe50 .param/str "DOA5MUX" 0 2 540, "DOA5";
P_0x5555570dfe90 .param/str "DOA6MUX" 0 2 539, "DOA6";
P_0x5555570dfed0 .param/str "DOA7MUX" 0 2 538, "DOA7";
P_0x5555570dff10 .param/str "DOA8MUX" 0 2 537, "DOA8";
P_0x5555570dff50 .param/str "DOA9MUX" 0 2 536, "DOA9";
P_0x5555570dff90 .param/str "DOB0MUX" 0 2 603, "DOB0";
P_0x5555570dffd0 .param/str "DOB10MUX" 0 2 593, "DOB10";
P_0x5555570e0010 .param/str "DOB11MUX" 0 2 592, "DOB11";
P_0x5555570e0050 .param/str "DOB12MUX" 0 2 591, "DOB12";
P_0x5555570e0090 .param/str "DOB13MUX" 0 2 590, "DOB13";
P_0x5555570e00d0 .param/str "DOB14MUX" 0 2 589, "DOB14";
P_0x5555570e0110 .param/str "DOB15MUX" 0 2 588, "DOB15";
P_0x5555570e0150 .param/str "DOB16MUX" 0 2 587, "DOB16";
P_0x5555570e0190 .param/str "DOB17MUX" 0 2 586, "DOB17";
P_0x5555570e01d0 .param/str "DOB1MUX" 0 2 602, "DOB1";
P_0x5555570e0210 .param/str "DOB2MUX" 0 2 601, "DOB2";
P_0x5555570e0250 .param/str "DOB3MUX" 0 2 600, "DOB3";
P_0x5555570e0290 .param/str "DOB4MUX" 0 2 599, "DOB4";
P_0x5555570e02d0 .param/str "DOB5MUX" 0 2 598, "DOB5";
P_0x5555570e0310 .param/str "DOB6MUX" 0 2 597, "DOB6";
P_0x5555570e0350 .param/str "DOB7MUX" 0 2 596, "DOB7";
P_0x5555570e0390 .param/str "DOB8MUX" 0 2 595, "DOB8";
P_0x5555570e03d0 .param/str "DOB9MUX" 0 2 594, "DOB9";
P_0x5555570e0410 .param/str "GSR" 0 2 607, "ENABLED";
P_0x5555570e0450 .param/l "INITVAL_00" 0 2 609, C4<00000000000000000000000000000000000000000000000000000000000000000000000000000000000000000000000000000000000000000000000000000000000000000000000000000000000000000000000000000000000000000000000000000000000000000000000000000000000000000000000000000000000000000000000000000000000000000000000000000000000000000000000000000000>;
P_0x5555570e0490 .param/l "INITVAL_01" 0 2 610, C4<00000000000000000000000000000000000000000000000000000000000000000000000000000000000000000000000000000000000000000000000000000000000000000000000000000000000000000000000000000000000000000000000000000000000000000000000000000000000000000000000000000000000000000000000000000000000000000000000000000000000000000000000000000000>;
P_0x5555570e04d0 .param/l "INITVAL_02" 0 2 611, C4<00000000000000000000000000000000000000000000000000000000000000000000000000000000000000000000000000000000000000000000000000000000000000000000000000000000000000000000000000000000000000000000000000000000000000000000000000000000000000000000000000000000000000000000000000000000000000000000000000000000000000000000000000000000>;
P_0x5555570e0510 .param/l "INITVAL_03" 0 2 612, C4<00000000000000000000000000000000000000000000000000000000000000000000000000000000000000000000000000000000000000000000000000000000000000000000000000000000000000000000000000000000000000000000000000000000000000000000000000000000000000000000000000000000000000000000000000000000000000000000000000000000000000000000000000000000>;
P_0x5555570e0550 .param/l "INITVAL_04" 0 2 613, C4<00000000000000000000000000000000000000000000000000000000000000000000000000000000000000000000000000000000000000000000000000000000000000000000000000000000000000000000000000000000000000000000000000000000000000000000000000000000000000000000000000000000000000000000000000000000000000000000000000000000000000000000000000000000>;
P_0x5555570e0590 .param/l "INITVAL_05" 0 2 614, C4<00000000000000000000000000000000000000000000000000000000000000000000000000000000000000000000000000000000000000000000000000000000000000000000000000000000000000000000000000000000000000000000000000000000000000000000000000000000000000000000000000000000000000000000000000000000000000000000000000000000000000000000000000000000>;
P_0x5555570e05d0 .param/l "INITVAL_06" 0 2 615, C4<00000000000000000000000000000000000000000000000000000000000000000000000000000000000000000000000000000000000000000000000000000000000000000000000000000000000000000000000000000000000000000000000000000000000000000000000000000000000000000000000000000000000000000000000000000000000000000000000000000000000000000000000000000000>;
P_0x5555570e0610 .param/l "INITVAL_07" 0 2 616, C4<00000000000000000000000000000000000000000000000000000000000000000000000000000000000000000000000000000000000000000000000000000000000000000000000000000000000000000000000000000000000000000000000000000000000000000000000000000000000000000000000000000000000000000000000000000000000000000000000000000000000000000000000000000000>;
P_0x5555570e0650 .param/l "INITVAL_08" 0 2 617, C4<00000000000000000000000000000000000000000000000000000000000000000000000000000000000000000000000000000000000000000000000000000000000000000000000000000000000000000000000000000000000000000000000000000000000000000000000000000000000000000000000000000000000000000000000000000000000000000000000000000000000000000000000000000000>;
P_0x5555570e0690 .param/l "INITVAL_09" 0 2 618, C4<00000000000000000000000000000000000000000000000000000000000000000000000000000000000000000000000000000000000000000000000000000000000000000000000000000000000000000000000000000000000000000000000000000000000000000000000000000000000000000000000000000000000000000000000000000000000000000000000000000000000000000000000000000000>;
P_0x5555570e06d0 .param/l "INITVAL_0A" 0 2 619, C4<00000000000000000000000000000000000000000000000000000000000000000000000000000000000000000000000000000000000000000000000000000000000000000000000000000000000000000000000000000000000000000000000000000000000000000000000000000000000000000000000000000000000000000000000000000000000000000000000000000000000000000000000000000000>;
P_0x5555570e0710 .param/l "INITVAL_0B" 0 2 620, C4<00000000000000000000000000000000000000000000000000000000000000000000000000000000000000000000000000000000000000000000000000000000000000000000000000000000000000000000000000000000000000000000000000000000000000000000000000000000000000000000000000000000000000000000000000000000000000000000000000000000000000000000000000000000>;
P_0x5555570e0750 .param/l "INITVAL_0C" 0 2 621, C4<00000000000000000000000000000000000000000000000000000000000000000000000000000000000000000000000000000000000000000000000000000000000000000000000000000000000000000000000000000000000000000000000000000000000000000000000000000000000000000000000000000000000000000000000000000000000000000000000000000000000000000000000000000000>;
P_0x5555570e0790 .param/l "INITVAL_0D" 0 2 622, C4<00000000000000000000000000000000000000000000000000000000000000000000000000000000000000000000000000000000000000000000000000000000000000000000000000000000000000000000000000000000000000000000000000000000000000000000000000000000000000000000000000000000000000000000000000000000000000000000000000000000000000000000000000000000>;
P_0x5555570e07d0 .param/l "INITVAL_0E" 0 2 623, C4<00000000000000000000000000000000000000000000000000000000000000000000000000000000000000000000000000000000000000000000000000000000000000000000000000000000000000000000000000000000000000000000000000000000000000000000000000000000000000000000000000000000000000000000000000000000000000000000000000000000000000000000000000000000>;
P_0x5555570e0810 .param/l "INITVAL_0F" 0 2 624, C4<00000000000000000000000000000000000000000000000000000000000000000000000000000000000000000000000000000000000000000000000000000000000000000000000000000000000000000000000000000000000000000000000000000000000000000000000000000000000000000000000000000000000000000000000000000000000000000000000000000000000000000000000000000000>;
P_0x5555570e0850 .param/l "INITVAL_10" 0 2 625, C4<00000000000000000000000000000000000000000000000000000000000000000000000000000000000000000000000000000000000000000000000000000000000000000000000000000000000000000000000000000000000000000000000000000000000000000000000000000000000000000000000000000000000000000000000000000000000000000000000000000000000000000000000000000000>;
P_0x5555570e0890 .param/l "INITVAL_11" 0 2 626, C4<00000000000000000000000000000000000000000000000000000000000000000000000000000000000000000000000000000000000000000000000000000000000000000000000000000000000000000000000000000000000000000000000000000000000000000000000000000000000000000000000000000000000000000000000000000000000000000000000000000000000000000000000000000000>;
P_0x5555570e08d0 .param/l "INITVAL_12" 0 2 627, C4<00000000000000000000000000000000000000000000000000000000000000000000000000000000000000000000000000000000000000000000000000000000000000000000000000000000000000000000000000000000000000000000000000000000000000000000000000000000000000000000000000000000000000000000000000000000000000000000000000000000000000000000000000000000>;
P_0x5555570e0910 .param/l "INITVAL_13" 0 2 628, C4<00000000000000000000000000000000000000000000000000000000000000000000000000000000000000000000000000000000000000000000000000000000000000000000000000000000000000000000000000000000000000000000000000000000000000000000000000000000000000000000000000000000000000000000000000000000000000000000000000000000000000000000000000000000>;
P_0x5555570e0950 .param/l "INITVAL_14" 0 2 629, C4<00000000000000000000000000000000000000000000000000000000000000000000000000000000000000000000000000000000000000000000000000000000000000000000000000000000000000000000000000000000000000000000000000000000000000000000000000000000000000000000000000000000000000000000000000000000000000000000000000000000000000000000000000000000>;
P_0x5555570e0990 .param/l "INITVAL_15" 0 2 630, C4<00000000000000000000000000000000000000000000000000000000000000000000000000000000000000000000000000000000000000000000000000000000000000000000000000000000000000000000000000000000000000000000000000000000000000000000000000000000000000000000000000000000000000000000000000000000000000000000000000000000000000000000000000000000>;
P_0x5555570e09d0 .param/l "INITVAL_16" 0 2 631, C4<00000000000000000000000000000000000000000000000000000000000000000000000000000000000000000000000000000000000000000000000000000000000000000000000000000000000000000000000000000000000000000000000000000000000000000000000000000000000000000000000000000000000000000000000000000000000000000000000000000000000000000000000000000000>;
P_0x5555570e0a10 .param/l "INITVAL_17" 0 2 632, C4<00000000000000000000000000000000000000000000000000000000000000000000000000000000000000000000000000000000000000000000000000000000000000000000000000000000000000000000000000000000000000000000000000000000000000000000000000000000000000000000000000000000000000000000000000000000000000000000000000000000000000000000000000000000>;
P_0x5555570e0a50 .param/l "INITVAL_18" 0 2 633, C4<00000000000000000000000000000000000000000000000000000000000000000000000000000000000000000000000000000000000000000000000000000000000000000000000000000000000000000000000000000000000000000000000000000000000000000000000000000000000000000000000000000000000000000000000000000000000000000000000000000000000000000000000000000000>;
P_0x5555570e0a90 .param/l "INITVAL_19" 0 2 634, C4<00000000000000000000000000000000000000000000000000000000000000000000000000000000000000000000000000000000000000000000000000000000000000000000000000000000000000000000000000000000000000000000000000000000000000000000000000000000000000000000000000000000000000000000000000000000000000000000000000000000000000000000000000000000>;
P_0x5555570e0ad0 .param/l "INITVAL_1A" 0 2 635, C4<00000000000000000000000000000000000000000000000000000000000000000000000000000000000000000000000000000000000000000000000000000000000000000000000000000000000000000000000000000000000000000000000000000000000000000000000000000000000000000000000000000000000000000000000000000000000000000000000000000000000000000000000000000000>;
P_0x5555570e0b10 .param/l "INITVAL_1B" 0 2 636, C4<00000000000000000000000000000000000000000000000000000000000000000000000000000000000000000000000000000000000000000000000000000000000000000000000000000000000000000000000000000000000000000000000000000000000000000000000000000000000000000000000000000000000000000000000000000000000000000000000000000000000000000000000000000000>;
P_0x5555570e0b50 .param/l "INITVAL_1C" 0 2 637, C4<00000000000000000000000000000000000000000000000000000000000000000000000000000000000000000000000000000000000000000000000000000000000000000000000000000000000000000000000000000000000000000000000000000000000000000000000000000000000000000000000000000000000000000000000000000000000000000000000000000000000000000000000000000000>;
P_0x5555570e0b90 .param/l "INITVAL_1D" 0 2 638, C4<00000000000000000000000000000000000000000000000000000000000000000000000000000000000000000000000000000000000000000000000000000000000000000000000000000000000000000000000000000000000000000000000000000000000000000000000000000000000000000000000000000000000000000000000000000000000000000000000000000000000000000000000000000000>;
P_0x5555570e0bd0 .param/l "INITVAL_1E" 0 2 639, C4<00000000000000000000000000000000000000000000000000000000000000000000000000000000000000000000000000000000000000000000000000000000000000000000000000000000000000000000000000000000000000000000000000000000000000000000000000000000000000000000000000000000000000000000000000000000000000000000000000000000000000000000000000000000>;
P_0x5555570e0c10 .param/l "INITVAL_1F" 0 2 640, C4<00000000000000000000000000000000000000000000000000000000000000000000000000000000000000000000000000000000000000000000000000000000000000000000000000000000000000000000000000000000000000000000000000000000000000000000000000000000000000000000000000000000000000000000000000000000000000000000000000000000000000000000000000000000>;
P_0x5555570e0c50 .param/l "INITVAL_20" 0 2 641, C4<00000000000000000000000000000000000000000000000000000000000000000000000000000000000000000000000000000000000000000000000000000000000000000000000000000000000000000000000000000000000000000000000000000000000000000000000000000000000000000000000000000000000000000000000000000000000000000000000000000000000000000000000000000000>;
P_0x5555570e0c90 .param/l "INITVAL_21" 0 2 642, C4<00000000000000000000000000000000000000000000000000000000000000000000000000000000000000000000000000000000000000000000000000000000000000000000000000000000000000000000000000000000000000000000000000000000000000000000000000000000000000000000000000000000000000000000000000000000000000000000000000000000000000000000000000000000>;
P_0x5555570e0cd0 .param/l "INITVAL_22" 0 2 643, C4<00000000000000000000000000000000000000000000000000000000000000000000000000000000000000000000000000000000000000000000000000000000000000000000000000000000000000000000000000000000000000000000000000000000000000000000000000000000000000000000000000000000000000000000000000000000000000000000000000000000000000000000000000000000>;
P_0x5555570e0d10 .param/l "INITVAL_23" 0 2 644, C4<00000000000000000000000000000000000000000000000000000000000000000000000000000000000000000000000000000000000000000000000000000000000000000000000000000000000000000000000000000000000000000000000000000000000000000000000000000000000000000000000000000000000000000000000000000000000000000000000000000000000000000000000000000000>;
P_0x5555570e0d50 .param/l "INITVAL_24" 0 2 645, C4<00000000000000000000000000000000000000000000000000000000000000000000000000000000000000000000000000000000000000000000000000000000000000000000000000000000000000000000000000000000000000000000000000000000000000000000000000000000000000000000000000000000000000000000000000000000000000000000000000000000000000000000000000000000>;
P_0x5555570e0d90 .param/l "INITVAL_25" 0 2 646, C4<00000000000000000000000000000000000000000000000000000000000000000000000000000000000000000000000000000000000000000000000000000000000000000000000000000000000000000000000000000000000000000000000000000000000000000000000000000000000000000000000000000000000000000000000000000000000000000000000000000000000000000000000000000000>;
P_0x5555570e0dd0 .param/l "INITVAL_26" 0 2 647, C4<00000000000000000000000000000000000000000000000000000000000000000000000000000000000000000000000000000000000000000000000000000000000000000000000000000000000000000000000000000000000000000000000000000000000000000000000000000000000000000000000000000000000000000000000000000000000000000000000000000000000000000000000000000000>;
P_0x5555570e0e10 .param/l "INITVAL_27" 0 2 648, C4<00000000000000000000000000000000000000000000000000000000000000000000000000000000000000000000000000000000000000000000000000000000000000000000000000000000000000000000000000000000000000000000000000000000000000000000000000000000000000000000000000000000000000000000000000000000000000000000000000000000000000000000000000000000>;
P_0x5555570e0e50 .param/l "INITVAL_28" 0 2 649, C4<00000000000000000000000000000000000000000000000000000000000000000000000000000000000000000000000000000000000000000000000000000000000000000000000000000000000000000000000000000000000000000000000000000000000000000000000000000000000000000000000000000000000000000000000000000000000000000000000000000000000000000000000000000000>;
P_0x5555570e0e90 .param/l "INITVAL_29" 0 2 650, C4<00000000000000000000000000000000000000000000000000000000000000000000000000000000000000000000000000000000000000000000000000000000000000000000000000000000000000000000000000000000000000000000000000000000000000000000000000000000000000000000000000000000000000000000000000000000000000000000000000000000000000000000000000000000>;
P_0x5555570e0ed0 .param/l "INITVAL_2A" 0 2 651, C4<00000000000000000000000000000000000000000000000000000000000000000000000000000000000000000000000000000000000000000000000000000000000000000000000000000000000000000000000000000000000000000000000000000000000000000000000000000000000000000000000000000000000000000000000000000000000000000000000000000000000000000000000000000000>;
P_0x5555570e0f10 .param/l "INITVAL_2B" 0 2 652, C4<00000000000000000000000000000000000000000000000000000000000000000000000000000000000000000000000000000000000000000000000000000000000000000000000000000000000000000000000000000000000000000000000000000000000000000000000000000000000000000000000000000000000000000000000000000000000000000000000000000000000000000000000000000000>;
P_0x5555570e0f50 .param/l "INITVAL_2C" 0 2 653, C4<00000000000000000000000000000000000000000000000000000000000000000000000000000000000000000000000000000000000000000000000000000000000000000000000000000000000000000000000000000000000000000000000000000000000000000000000000000000000000000000000000000000000000000000000000000000000000000000000000000000000000000000000000000000>;
P_0x5555570e0f90 .param/l "INITVAL_2D" 0 2 654, C4<00000000000000000000000000000000000000000000000000000000000000000000000000000000000000000000000000000000000000000000000000000000000000000000000000000000000000000000000000000000000000000000000000000000000000000000000000000000000000000000000000000000000000000000000000000000000000000000000000000000000000000000000000000000>;
P_0x5555570e0fd0 .param/l "INITVAL_2E" 0 2 655, C4<00000000000000000000000000000000000000000000000000000000000000000000000000000000000000000000000000000000000000000000000000000000000000000000000000000000000000000000000000000000000000000000000000000000000000000000000000000000000000000000000000000000000000000000000000000000000000000000000000000000000000000000000000000000>;
P_0x5555570e1010 .param/l "INITVAL_2F" 0 2 656, C4<00000000000000000000000000000000000000000000000000000000000000000000000000000000000000000000000000000000000000000000000000000000000000000000000000000000000000000000000000000000000000000000000000000000000000000000000000000000000000000000000000000000000000000000000000000000000000000000000000000000000000000000000000000000>;
P_0x5555570e1050 .param/l "INITVAL_30" 0 2 657, C4<00000000000000000000000000000000000000000000000000000000000000000000000000000000000000000000000000000000000000000000000000000000000000000000000000000000000000000000000000000000000000000000000000000000000000000000000000000000000000000000000000000000000000000000000000000000000000000000000000000000000000000000000000000000>;
P_0x5555570e1090 .param/l "INITVAL_31" 0 2 658, C4<00000000000000000000000000000000000000000000000000000000000000000000000000000000000000000000000000000000000000000000000000000000000000000000000000000000000000000000000000000000000000000000000000000000000000000000000000000000000000000000000000000000000000000000000000000000000000000000000000000000000000000000000000000000>;
P_0x5555570e10d0 .param/l "INITVAL_32" 0 2 659, C4<00000000000000000000000000000000000000000000000000000000000000000000000000000000000000000000000000000000000000000000000000000000000000000000000000000000000000000000000000000000000000000000000000000000000000000000000000000000000000000000000000000000000000000000000000000000000000000000000000000000000000000000000000000000>;
P_0x5555570e1110 .param/l "INITVAL_33" 0 2 660, C4<00000000000000000000000000000000000000000000000000000000000000000000000000000000000000000000000000000000000000000000000000000000000000000000000000000000000000000000000000000000000000000000000000000000000000000000000000000000000000000000000000000000000000000000000000000000000000000000000000000000000000000000000000000000>;
P_0x5555570e1150 .param/l "INITVAL_34" 0 2 661, C4<00000000000000000000000000000000000000000000000000000000000000000000000000000000000000000000000000000000000000000000000000000000000000000000000000000000000000000000000000000000000000000000000000000000000000000000000000000000000000000000000000000000000000000000000000000000000000000000000000000000000000000000000000000000>;
P_0x5555570e1190 .param/l "INITVAL_35" 0 2 662, C4<00000000000000000000000000000000000000000000000000000000000000000000000000000000000000000000000000000000000000000000000000000000000000000000000000000000000000000000000000000000000000000000000000000000000000000000000000000000000000000000000000000000000000000000000000000000000000000000000000000000000000000000000000000000>;
P_0x5555570e11d0 .param/l "INITVAL_36" 0 2 663, C4<00000000000000000000000000000000000000000000000000000000000000000000000000000000000000000000000000000000000000000000000000000000000000000000000000000000000000000000000000000000000000000000000000000000000000000000000000000000000000000000000000000000000000000000000000000000000000000000000000000000000000000000000000000000>;
P_0x5555570e1210 .param/l "INITVAL_37" 0 2 664, C4<00000000000000000000000000000000000000000000000000000000000000000000000000000000000000000000000000000000000000000000000000000000000000000000000000000000000000000000000000000000000000000000000000000000000000000000000000000000000000000000000000000000000000000000000000000000000000000000000000000000000000000000000000000000>;
P_0x5555570e1250 .param/l "INITVAL_38" 0 2 665, C4<00000000000000000000000000000000000000000000000000000000000000000000000000000000000000000000000000000000000000000000000000000000000000000000000000000000000000000000000000000000000000000000000000000000000000000000000000000000000000000000000000000000000000000000000000000000000000000000000000000000000000000000000000000000>;
P_0x5555570e1290 .param/l "INITVAL_39" 0 2 666, C4<00000000000000000000000000000000000000000000000000000000000000000000000000000000000000000000000000000000000000000000000000000000000000000000000000000000000000000000000000000000000000000000000000000000000000000000000000000000000000000000000000000000000000000000000000000000000000000000000000000000000000000000000000000000>;
P_0x5555570e12d0 .param/l "INITVAL_3A" 0 2 667, C4<00000000000000000000000000000000000000000000000000000000000000000000000000000000000000000000000000000000000000000000000000000000000000000000000000000000000000000000000000000000000000000000000000000000000000000000000000000000000000000000000000000000000000000000000000000000000000000000000000000000000000000000000000000000>;
P_0x5555570e1310 .param/l "INITVAL_3B" 0 2 668, C4<00000000000000000000000000000000000000000000000000000000000000000000000000000000000000000000000000000000000000000000000000000000000000000000000000000000000000000000000000000000000000000000000000000000000000000000000000000000000000000000000000000000000000000000000000000000000000000000000000000000000000000000000000000000>;
P_0x5555570e1350 .param/l "INITVAL_3C" 0 2 669, C4<00000000000000000000000000000000000000000000000000000000000000000000000000000000000000000000000000000000000000000000000000000000000000000000000000000000000000000000000000000000000000000000000000000000000000000000000000000000000000000000000000000000000000000000000000000000000000000000000000000000000000000000000000000000>;
P_0x5555570e1390 .param/l "INITVAL_3D" 0 2 670, C4<00000000000000000000000000000000000000000000000000000000000000000000000000000000000000000000000000000000000000000000000000000000000000000000000000000000000000000000000000000000000000000000000000000000000000000000000000000000000000000000000000000000000000000000000000000000000000000000000000000000000000000000000000000000>;
P_0x5555570e13d0 .param/l "INITVAL_3E" 0 2 671, C4<00000000000000000000000000000000000000000000000000000000000000000000000000000000000000000000000000000000000000000000000000000000000000000000000000000000000000000000000000000000000000000000000000000000000000000000000000000000000000000000000000000000000000000000000000000000000000000000000000000000000000000000000000000000>;
P_0x5555570e1410 .param/l "INITVAL_3F" 0 2 672, C4<00000000000000000000000000000000000000000000000000000000000000000000000000000000000000000000000000000000000000000000000000000000000000000000000000000000000000000000000000000000000000000000000000000000000000000000000000000000000000000000000000000000000000000000000000000000000000000000000000000000000000000000000000000000>;
P_0x5555570e1450 .param/str "INIT_DATA" 0 2 673, "STATIC";
P_0x5555570e1490 .param/str "OCEAMUX" 0 2 521, "OCEA";
P_0x5555570e14d0 .param/str "OCEBMUX" 0 2 579, "OCEB";
P_0x5555570e1510 .param/str "REGMODE_A" 0 2 476, "NOREG";
P_0x5555570e1550 .param/str "REGMODE_B" 0 2 477, "NOREG";
P_0x5555570e1590 .param/str "RESETMODE" 0 2 479, "SYNC";
P_0x5555570e15d0 .param/str "RSTAMUX" 0 2 524, "RSTA";
P_0x5555570e1610 .param/str "RSTBMUX" 0 2 582, "RSTB";
P_0x5555570e1650 .param/str "WEAMUX" 0 2 523, "WEA";
P_0x5555570e1690 .param/str "WEBMUX" 0 2 581, "WEB";
P_0x5555570e16d0 .param/l "WID" 0 2 605, +C4<00000000000000000000000000000000>;
P_0x5555570e1710 .param/str "WRITEMODE_A" 0 2 485, "NORMAL";
P_0x5555570e1750 .param/str "WRITEMODE_B" 0 2 486, "NORMAL";
o0x783b24c28848 .functor BUFZ 1, C4<z>; HiZ drive
v0x5555570f8e10_0 .net "ADA0", 0 0, o0x783b24c28848;  0 drivers
o0x783b24c28878 .functor BUFZ 1, C4<z>; HiZ drive
v0x5555570f8ef0_0 .net "ADA1", 0 0, o0x783b24c28878;  0 drivers
o0x783b24c288a8 .functor BUFZ 1, C4<z>; HiZ drive
v0x5555570f8fb0_0 .net "ADA10", 0 0, o0x783b24c288a8;  0 drivers
o0x783b24c288d8 .functor BUFZ 1, C4<z>; HiZ drive
v0x5555570f9080_0 .net "ADA11", 0 0, o0x783b24c288d8;  0 drivers
o0x783b24c28908 .functor BUFZ 1, C4<z>; HiZ drive
v0x5555570f9140_0 .net "ADA12", 0 0, o0x783b24c28908;  0 drivers
o0x783b24c28938 .functor BUFZ 1, C4<z>; HiZ drive
v0x5555570f9200_0 .net "ADA13", 0 0, o0x783b24c28938;  0 drivers
o0x783b24c28968 .functor BUFZ 1, C4<z>; HiZ drive
v0x5555570f92c0_0 .net "ADA2", 0 0, o0x783b24c28968;  0 drivers
o0x783b24c28998 .functor BUFZ 1, C4<z>; HiZ drive
v0x5555570f9380_0 .net "ADA3", 0 0, o0x783b24c28998;  0 drivers
o0x783b24c289c8 .functor BUFZ 1, C4<z>; HiZ drive
v0x5555570f9440_0 .net "ADA4", 0 0, o0x783b24c289c8;  0 drivers
o0x783b24c289f8 .functor BUFZ 1, C4<z>; HiZ drive
v0x5555570f9500_0 .net "ADA5", 0 0, o0x783b24c289f8;  0 drivers
o0x783b24c28a28 .functor BUFZ 1, C4<z>; HiZ drive
v0x5555570f95c0_0 .net "ADA6", 0 0, o0x783b24c28a28;  0 drivers
o0x783b24c28a58 .functor BUFZ 1, C4<z>; HiZ drive
v0x5555570f9680_0 .net "ADA7", 0 0, o0x783b24c28a58;  0 drivers
o0x783b24c28a88 .functor BUFZ 1, C4<z>; HiZ drive
v0x5555570f9740_0 .net "ADA8", 0 0, o0x783b24c28a88;  0 drivers
o0x783b24c28ab8 .functor BUFZ 1, C4<z>; HiZ drive
v0x5555570f9800_0 .net "ADA9", 0 0, o0x783b24c28ab8;  0 drivers
o0x783b24c28ae8 .functor BUFZ 1, C4<z>; HiZ drive
v0x5555570f98c0_0 .net "ADB0", 0 0, o0x783b24c28ae8;  0 drivers
o0x783b24c28b18 .functor BUFZ 1, C4<z>; HiZ drive
v0x5555570f9980_0 .net "ADB1", 0 0, o0x783b24c28b18;  0 drivers
o0x783b24c28b48 .functor BUFZ 1, C4<z>; HiZ drive
v0x5555570f9a40_0 .net "ADB10", 0 0, o0x783b24c28b48;  0 drivers
o0x783b24c28b78 .functor BUFZ 1, C4<z>; HiZ drive
v0x5555570f9c10_0 .net "ADB11", 0 0, o0x783b24c28b78;  0 drivers
o0x783b24c28ba8 .functor BUFZ 1, C4<z>; HiZ drive
v0x5555570f9cd0_0 .net "ADB12", 0 0, o0x783b24c28ba8;  0 drivers
o0x783b24c28bd8 .functor BUFZ 1, C4<z>; HiZ drive
v0x5555570f9d90_0 .net "ADB13", 0 0, o0x783b24c28bd8;  0 drivers
o0x783b24c28c08 .functor BUFZ 1, C4<z>; HiZ drive
v0x5555570f9e50_0 .net "ADB2", 0 0, o0x783b24c28c08;  0 drivers
o0x783b24c28c38 .functor BUFZ 1, C4<z>; HiZ drive
v0x5555570f9f10_0 .net "ADB3", 0 0, o0x783b24c28c38;  0 drivers
o0x783b24c28c68 .functor BUFZ 1, C4<z>; HiZ drive
v0x5555570f9fd0_0 .net "ADB4", 0 0, o0x783b24c28c68;  0 drivers
o0x783b24c28c98 .functor BUFZ 1, C4<z>; HiZ drive
v0x5555570fa090_0 .net "ADB5", 0 0, o0x783b24c28c98;  0 drivers
o0x783b24c28cc8 .functor BUFZ 1, C4<z>; HiZ drive
v0x5555570fa150_0 .net "ADB6", 0 0, o0x783b24c28cc8;  0 drivers
o0x783b24c28cf8 .functor BUFZ 1, C4<z>; HiZ drive
v0x5555570fa210_0 .net "ADB7", 0 0, o0x783b24c28cf8;  0 drivers
o0x783b24c28d28 .functor BUFZ 1, C4<z>; HiZ drive
v0x5555570fa2d0_0 .net "ADB8", 0 0, o0x783b24c28d28;  0 drivers
o0x783b24c28d58 .functor BUFZ 1, C4<z>; HiZ drive
v0x5555570fa390_0 .net "ADB9", 0 0, o0x783b24c28d58;  0 drivers
o0x783b24c28d88 .functor BUFZ 1, C4<z>; HiZ drive
v0x5555570fa450_0 .net "CEA", 0 0, o0x783b24c28d88;  0 drivers
o0x783b24c28db8 .functor BUFZ 1, C4<z>; HiZ drive
v0x5555570fa510_0 .net "CEB", 0 0, o0x783b24c28db8;  0 drivers
o0x783b24c28de8 .functor BUFZ 1, C4<z>; HiZ drive
v0x5555570fa5d0_0 .net "CLKA", 0 0, o0x783b24c28de8;  0 drivers
o0x783b24c28e18 .functor BUFZ 1, C4<z>; HiZ drive
v0x5555570fa690_0 .net "CLKB", 0 0, o0x783b24c28e18;  0 drivers
o0x783b24c28e48 .functor BUFZ 1, C4<z>; HiZ drive
v0x5555570fa750_0 .net "CSA0", 0 0, o0x783b24c28e48;  0 drivers
o0x783b24c28e78 .functor BUFZ 1, C4<z>; HiZ drive
v0x5555570fa810_0 .net "CSA1", 0 0, o0x783b24c28e78;  0 drivers
o0x783b24c28ea8 .functor BUFZ 1, C4<z>; HiZ drive
v0x5555570fa8d0_0 .net "CSA2", 0 0, o0x783b24c28ea8;  0 drivers
o0x783b24c28ed8 .functor BUFZ 1, C4<z>; HiZ drive
v0x5555570fa990_0 .net "CSB0", 0 0, o0x783b24c28ed8;  0 drivers
o0x783b24c28f08 .functor BUFZ 1, C4<z>; HiZ drive
v0x5555570faa50_0 .net "CSB1", 0 0, o0x783b24c28f08;  0 drivers
o0x783b24c28f38 .functor BUFZ 1, C4<z>; HiZ drive
v0x5555570fab10_0 .net "CSB2", 0 0, o0x783b24c28f38;  0 drivers
o0x783b24c28f68 .functor BUFZ 1, C4<z>; HiZ drive
v0x5555570fabd0_0 .net "DIA0", 0 0, o0x783b24c28f68;  0 drivers
o0x783b24c28f98 .functor BUFZ 1, C4<z>; HiZ drive
v0x5555570fac90_0 .net "DIA1", 0 0, o0x783b24c28f98;  0 drivers
o0x783b24c28fc8 .functor BUFZ 1, C4<z>; HiZ drive
v0x5555570fad50_0 .net "DIA10", 0 0, o0x783b24c28fc8;  0 drivers
o0x783b24c28ff8 .functor BUFZ 1, C4<z>; HiZ drive
v0x5555570fae10_0 .net "DIA11", 0 0, o0x783b24c28ff8;  0 drivers
o0x783b24c29028 .functor BUFZ 1, C4<z>; HiZ drive
v0x5555570faed0_0 .net "DIA12", 0 0, o0x783b24c29028;  0 drivers
o0x783b24c29058 .functor BUFZ 1, C4<z>; HiZ drive
v0x5555570faf90_0 .net "DIA13", 0 0, o0x783b24c29058;  0 drivers
o0x783b24c29088 .functor BUFZ 1, C4<z>; HiZ drive
v0x5555570fb050_0 .net "DIA14", 0 0, o0x783b24c29088;  0 drivers
o0x783b24c290b8 .functor BUFZ 1, C4<z>; HiZ drive
v0x5555570fb110_0 .net "DIA15", 0 0, o0x783b24c290b8;  0 drivers
o0x783b24c290e8 .functor BUFZ 1, C4<z>; HiZ drive
v0x5555570fb1d0_0 .net "DIA16", 0 0, o0x783b24c290e8;  0 drivers
o0x783b24c29118 .functor BUFZ 1, C4<z>; HiZ drive
v0x5555570fb290_0 .net "DIA17", 0 0, o0x783b24c29118;  0 drivers
o0x783b24c29148 .functor BUFZ 1, C4<z>; HiZ drive
v0x5555570fb350_0 .net "DIA2", 0 0, o0x783b24c29148;  0 drivers
o0x783b24c29178 .functor BUFZ 1, C4<z>; HiZ drive
v0x5555570fb410_0 .net "DIA3", 0 0, o0x783b24c29178;  0 drivers
o0x783b24c291a8 .functor BUFZ 1, C4<z>; HiZ drive
v0x5555570fb4d0_0 .net "DIA4", 0 0, o0x783b24c291a8;  0 drivers
o0x783b24c291d8 .functor BUFZ 1, C4<z>; HiZ drive
v0x5555570fb590_0 .net "DIA5", 0 0, o0x783b24c291d8;  0 drivers
o0x783b24c29208 .functor BUFZ 1, C4<z>; HiZ drive
v0x5555570fb650_0 .net "DIA6", 0 0, o0x783b24c29208;  0 drivers
o0x783b24c29238 .functor BUFZ 1, C4<z>; HiZ drive
v0x5555570fb710_0 .net "DIA7", 0 0, o0x783b24c29238;  0 drivers
o0x783b24c29268 .functor BUFZ 1, C4<z>; HiZ drive
v0x5555570fb7d0_0 .net "DIA8", 0 0, o0x783b24c29268;  0 drivers
o0x783b24c29298 .functor BUFZ 1, C4<z>; HiZ drive
v0x5555570fb890_0 .net "DIA9", 0 0, o0x783b24c29298;  0 drivers
o0x783b24c292c8 .functor BUFZ 1, C4<z>; HiZ drive
v0x5555570fb950_0 .net "DIB0", 0 0, o0x783b24c292c8;  0 drivers
o0x783b24c292f8 .functor BUFZ 1, C4<z>; HiZ drive
v0x5555570fba10_0 .net "DIB1", 0 0, o0x783b24c292f8;  0 drivers
o0x783b24c29328 .functor BUFZ 1, C4<z>; HiZ drive
v0x5555570fbad0_0 .net "DIB10", 0 0, o0x783b24c29328;  0 drivers
o0x783b24c29358 .functor BUFZ 1, C4<z>; HiZ drive
v0x5555570fbb90_0 .net "DIB11", 0 0, o0x783b24c29358;  0 drivers
o0x783b24c29388 .functor BUFZ 1, C4<z>; HiZ drive
v0x5555570fbc50_0 .net "DIB12", 0 0, o0x783b24c29388;  0 drivers
o0x783b24c293b8 .functor BUFZ 1, C4<z>; HiZ drive
v0x5555570fbd10_0 .net "DIB13", 0 0, o0x783b24c293b8;  0 drivers
o0x783b24c293e8 .functor BUFZ 1, C4<z>; HiZ drive
v0x5555570fbdd0_0 .net "DIB14", 0 0, o0x783b24c293e8;  0 drivers
o0x783b24c29418 .functor BUFZ 1, C4<z>; HiZ drive
v0x5555570fbe90_0 .net "DIB15", 0 0, o0x783b24c29418;  0 drivers
o0x783b24c29448 .functor BUFZ 1, C4<z>; HiZ drive
v0x5555570fbf50_0 .net "DIB16", 0 0, o0x783b24c29448;  0 drivers
o0x783b24c29478 .functor BUFZ 1, C4<z>; HiZ drive
v0x5555570fc420_0 .net "DIB17", 0 0, o0x783b24c29478;  0 drivers
o0x783b24c294a8 .functor BUFZ 1, C4<z>; HiZ drive
v0x5555570fc4e0_0 .net "DIB2", 0 0, o0x783b24c294a8;  0 drivers
o0x783b24c294d8 .functor BUFZ 1, C4<z>; HiZ drive
v0x5555570fc5a0_0 .net "DIB3", 0 0, o0x783b24c294d8;  0 drivers
o0x783b24c29508 .functor BUFZ 1, C4<z>; HiZ drive
v0x5555570fc660_0 .net "DIB4", 0 0, o0x783b24c29508;  0 drivers
o0x783b24c29538 .functor BUFZ 1, C4<z>; HiZ drive
v0x5555570fc720_0 .net "DIB5", 0 0, o0x783b24c29538;  0 drivers
o0x783b24c29568 .functor BUFZ 1, C4<z>; HiZ drive
v0x5555570fc7e0_0 .net "DIB6", 0 0, o0x783b24c29568;  0 drivers
o0x783b24c29598 .functor BUFZ 1, C4<z>; HiZ drive
v0x5555570fc8a0_0 .net "DIB7", 0 0, o0x783b24c29598;  0 drivers
o0x783b24c295c8 .functor BUFZ 1, C4<z>; HiZ drive
v0x5555570fc960_0 .net "DIB8", 0 0, o0x783b24c295c8;  0 drivers
o0x783b24c295f8 .functor BUFZ 1, C4<z>; HiZ drive
v0x5555570fca20_0 .net "DIB9", 0 0, o0x783b24c295f8;  0 drivers
o0x783b24c29628 .functor BUFZ 1, C4<z>; HiZ drive
v0x5555570fcae0_0 .net "DOA0", 0 0, o0x783b24c29628;  0 drivers
o0x783b24c29658 .functor BUFZ 1, C4<z>; HiZ drive
v0x5555570fcba0_0 .net "DOA1", 0 0, o0x783b24c29658;  0 drivers
o0x783b24c29688 .functor BUFZ 1, C4<z>; HiZ drive
v0x5555570fcc60_0 .net "DOA10", 0 0, o0x783b24c29688;  0 drivers
o0x783b24c296b8 .functor BUFZ 1, C4<z>; HiZ drive
v0x5555570fcd20_0 .net "DOA11", 0 0, o0x783b24c296b8;  0 drivers
o0x783b24c296e8 .functor BUFZ 1, C4<z>; HiZ drive
v0x5555570fcde0_0 .net "DOA12", 0 0, o0x783b24c296e8;  0 drivers
o0x783b24c29718 .functor BUFZ 1, C4<z>; HiZ drive
v0x5555570fcea0_0 .net "DOA13", 0 0, o0x783b24c29718;  0 drivers
o0x783b24c29748 .functor BUFZ 1, C4<z>; HiZ drive
v0x5555570fcf60_0 .net "DOA14", 0 0, o0x783b24c29748;  0 drivers
o0x783b24c29778 .functor BUFZ 1, C4<z>; HiZ drive
v0x5555570fd020_0 .net "DOA15", 0 0, o0x783b24c29778;  0 drivers
o0x783b24c297a8 .functor BUFZ 1, C4<z>; HiZ drive
v0x5555570fd0e0_0 .net "DOA16", 0 0, o0x783b24c297a8;  0 drivers
o0x783b24c297d8 .functor BUFZ 1, C4<z>; HiZ drive
v0x5555570fd1a0_0 .net "DOA17", 0 0, o0x783b24c297d8;  0 drivers
o0x783b24c29808 .functor BUFZ 1, C4<z>; HiZ drive
v0x5555570fd260_0 .net "DOA2", 0 0, o0x783b24c29808;  0 drivers
o0x783b24c29838 .functor BUFZ 1, C4<z>; HiZ drive
v0x5555570fd320_0 .net "DOA3", 0 0, o0x783b24c29838;  0 drivers
o0x783b24c29868 .functor BUFZ 1, C4<z>; HiZ drive
v0x5555570fd3e0_0 .net "DOA4", 0 0, o0x783b24c29868;  0 drivers
o0x783b24c29898 .functor BUFZ 1, C4<z>; HiZ drive
v0x5555570fd4a0_0 .net "DOA5", 0 0, o0x783b24c29898;  0 drivers
o0x783b24c298c8 .functor BUFZ 1, C4<z>; HiZ drive
v0x5555570fd560_0 .net "DOA6", 0 0, o0x783b24c298c8;  0 drivers
o0x783b24c298f8 .functor BUFZ 1, C4<z>; HiZ drive
v0x5555570fd620_0 .net "DOA7", 0 0, o0x783b24c298f8;  0 drivers
o0x783b24c29928 .functor BUFZ 1, C4<z>; HiZ drive
v0x5555570fd6e0_0 .net "DOA8", 0 0, o0x783b24c29928;  0 drivers
o0x783b24c29958 .functor BUFZ 1, C4<z>; HiZ drive
v0x5555570fd7a0_0 .net "DOA9", 0 0, o0x783b24c29958;  0 drivers
o0x783b24c29988 .functor BUFZ 1, C4<z>; HiZ drive
v0x5555570fd860_0 .net "DOB0", 0 0, o0x783b24c29988;  0 drivers
o0x783b24c299b8 .functor BUFZ 1, C4<z>; HiZ drive
v0x5555570fd920_0 .net "DOB1", 0 0, o0x783b24c299b8;  0 drivers
o0x783b24c299e8 .functor BUFZ 1, C4<z>; HiZ drive
v0x5555570fd9e0_0 .net "DOB10", 0 0, o0x783b24c299e8;  0 drivers
o0x783b24c29a18 .functor BUFZ 1, C4<z>; HiZ drive
v0x5555570fdaa0_0 .net "DOB11", 0 0, o0x783b24c29a18;  0 drivers
o0x783b24c29a48 .functor BUFZ 1, C4<z>; HiZ drive
v0x5555570fdb60_0 .net "DOB12", 0 0, o0x783b24c29a48;  0 drivers
o0x783b24c29a78 .functor BUFZ 1, C4<z>; HiZ drive
v0x5555570fdc20_0 .net "DOB13", 0 0, o0x783b24c29a78;  0 drivers
o0x783b24c29aa8 .functor BUFZ 1, C4<z>; HiZ drive
v0x5555570fdce0_0 .net "DOB14", 0 0, o0x783b24c29aa8;  0 drivers
o0x783b24c29ad8 .functor BUFZ 1, C4<z>; HiZ drive
v0x5555570fdda0_0 .net "DOB15", 0 0, o0x783b24c29ad8;  0 drivers
o0x783b24c29b08 .functor BUFZ 1, C4<z>; HiZ drive
v0x5555570fde60_0 .net "DOB16", 0 0, o0x783b24c29b08;  0 drivers
o0x783b24c29b38 .functor BUFZ 1, C4<z>; HiZ drive
v0x5555570fdf20_0 .net "DOB17", 0 0, o0x783b24c29b38;  0 drivers
o0x783b24c29b68 .functor BUFZ 1, C4<z>; HiZ drive
v0x5555570fdfe0_0 .net "DOB2", 0 0, o0x783b24c29b68;  0 drivers
o0x783b24c29b98 .functor BUFZ 1, C4<z>; HiZ drive
v0x5555570fe0a0_0 .net "DOB3", 0 0, o0x783b24c29b98;  0 drivers
o0x783b24c29bc8 .functor BUFZ 1, C4<z>; HiZ drive
v0x5555570fe160_0 .net "DOB4", 0 0, o0x783b24c29bc8;  0 drivers
o0x783b24c29bf8 .functor BUFZ 1, C4<z>; HiZ drive
v0x5555570fe220_0 .net "DOB5", 0 0, o0x783b24c29bf8;  0 drivers
o0x783b24c29c28 .functor BUFZ 1, C4<z>; HiZ drive
v0x5555570fe2e0_0 .net "DOB6", 0 0, o0x783b24c29c28;  0 drivers
o0x783b24c29c58 .functor BUFZ 1, C4<z>; HiZ drive
v0x5555570fe3a0_0 .net "DOB7", 0 0, o0x783b24c29c58;  0 drivers
o0x783b24c29c88 .functor BUFZ 1, C4<z>; HiZ drive
v0x5555570fe460_0 .net "DOB8", 0 0, o0x783b24c29c88;  0 drivers
o0x783b24c29cb8 .functor BUFZ 1, C4<z>; HiZ drive
v0x5555570fe520_0 .net "DOB9", 0 0, o0x783b24c29cb8;  0 drivers
o0x783b24c29ce8 .functor BUFZ 1, C4<z>; HiZ drive
v0x5555570fe5e0_0 .net "OCEA", 0 0, o0x783b24c29ce8;  0 drivers
o0x783b24c29d18 .functor BUFZ 1, C4<z>; HiZ drive
v0x5555570fe6a0_0 .net "OCEB", 0 0, o0x783b24c29d18;  0 drivers
o0x783b24c29d48 .functor BUFZ 1, C4<z>; HiZ drive
v0x5555570fe760_0 .net "RSTA", 0 0, o0x783b24c29d48;  0 drivers
o0x783b24c29d78 .functor BUFZ 1, C4<z>; HiZ drive
v0x5555570fe820_0 .net "RSTB", 0 0, o0x783b24c29d78;  0 drivers
o0x783b24c29da8 .functor BUFZ 1, C4<z>; HiZ drive
v0x5555570fe8e0_0 .net "WEA", 0 0, o0x783b24c29da8;  0 drivers
o0x783b24c29dd8 .functor BUFZ 1, C4<z>; HiZ drive
v0x5555570fe9a0_0 .net "WEB", 0 0, o0x783b24c29dd8;  0 drivers
S_0x555556fee060 .scope module, "DPR16X4C" "DPR16X4C" 2 236;
 .timescale 0 0;
    .port_info 0 /INPUT 4 "DI";
    .port_info 1 /INPUT 1 "WCK";
    .port_info 2 /INPUT 1 "WRE";
    .port_info 3 /INPUT 4 "RAD";
    .port_info 4 /INPUT 4 "WAD";
    .port_info 5 /OUTPUT 4 "DO";
P_0x5555570da470 .param/str "INITVAL" 0 2 245, "0x0000000000000000";
P_0x5555570da4b0 .param/l "conv_initval" 1 2 275, C4<0000000000000000000000000000000000000000000000000000000000000000>;
L_0x55555710c760 .functor BUFZ 4, L_0x55555710c5d0, C4<0000>, C4<0000>, C4<0000>;
o0x783b24c2b4e8 .functor BUFZ 4, C4<zzzz>; HiZ drive
v0x5555571003f0_0 .net "DI", 3 0, o0x783b24c2b4e8;  0 drivers
v0x5555571004f0_0 .net "DO", 3 0, L_0x55555710c760;  1 drivers
o0x783b24c2b548 .functor BUFZ 4, C4<zzzz>; HiZ drive
v0x5555571005d0_0 .net "RAD", 3 0, o0x783b24c2b548;  0 drivers
o0x783b24c2b578 .functor BUFZ 4, C4<zzzz>; HiZ drive
v0x555557100690_0 .net "WAD", 3 0, o0x783b24c2b578;  0 drivers
o0x783b24c2b5a8 .functor BUFZ 1, C4<z>; HiZ drive
v0x555557100770_0 .net "WCK", 0 0, o0x783b24c2b5a8;  0 drivers
o0x783b24c2b5d8 .functor BUFZ 1, C4<z>; HiZ drive
v0x555557100880_0 .net "WRE", 0 0, o0x783b24c2b5d8;  0 drivers
v0x555557100940_0 .net *"_ivl_0", 3 0, L_0x55555710c5d0;  1 drivers
v0x555557100a20_0 .net *"_ivl_2", 5 0, L_0x55555710c670;  1 drivers
L_0x783b24bde378 .functor BUFT 1, C4<00>, C4<0>, C4<0>, C4<0>;
v0x555557100b00_0 .net *"_ivl_5", 1 0, L_0x783b24bde378;  1 drivers
v0x555557100be0_0 .var/i "i", 31 0;
v0x555557100cc0 .array "ram", 15 0, 3 0;
E_0x55555701a8c0 .event posedge, v0x555557100770_0;
L_0x55555710c5d0 .array/port v0x555557100cc0, L_0x55555710c670;
L_0x55555710c670 .concat [ 4 2 0 0], o0x783b24c2b548, L_0x783b24bde378;
S_0x5555570ffcd0 .scope function.vec4.s64, "convert_initval" "convert_initval" 2 247, 2 247 0, S_0x555556fee060;
 .timescale 0 0;
v0x5555570ffe80_0 .var "char", 7 0;
; Variable convert_initval is vec4 return value of scope S_0x5555570ffcd0
v0x555557100060_0 .var "done", 0 0;
v0x555557100100_0 .var "hex_initval", 143 0;
v0x5555571001e0_0 .var/i "i", 31 0;
v0x555557100310_0 .var "temp", 63 0;
TD_DPR16X4C.convert_initval ;
    %pushi/vec4 0, 0, 1;
    %store/vec4 v0x555557100060_0, 0, 1;
    %pushi/vec4 0, 0, 64;
    %store/vec4 v0x555557100310_0, 0, 64;
    %pushi/vec4 0, 0, 32;
    %store/vec4 v0x5555571001e0_0, 0, 32;
T_0.0 ; Top of for-loop 
    %load/vec4 v0x5555571001e0_0;
    %cmpi/s 16, 0, 32;
    %jmp/0xz T_0.1, 5;
    %load/vec4 v0x555557100060_0;
    %nor/r;
    %flag_set/vec4 8;
    %jmp/0xz  T_0.3, 8;
    %load/vec4 v0x555557100100_0;
    %load/vec4 v0x5555571001e0_0;
    %muli 8, 0, 32;
    %part/s 8;
    %store/vec4 v0x5555570ffe80_0, 0, 8;
    %load/vec4 v0x5555570ffe80_0;
    %pushi/vec4 120, 0, 8; draw_string_vec4
    %cmp/e;
    %jmp/0xz  T_0.5, 4;
    %pushi/vec4 1, 0, 1;
    %store/vec4 v0x555557100060_0, 0, 1;
    %jmp T_0.6;
T_0.5 ;
    %pushi/vec4 48, 0, 8; draw_string_vec4
    %load/vec4 v0x5555570ffe80_0;
    %cmp/u;
    %flag_or 5, 4;
    %flag_get/vec4 5;
    %jmp/0 T_0.9, 5;
    %load/vec4 v0x5555570ffe80_0;
    %pushi/vec4 57, 0, 8; draw_string_vec4
    %cmp/u;
    %flag_get/vec4 4;
    %flag_get/vec4 5;
    %or;
    %and;
T_0.9;
    %flag_set/vec4 8;
    %jmp/0xz  T_0.7, 8;
    %load/vec4 v0x5555570ffe80_0;
    %pushi/vec4 48, 0, 8; draw_string_vec4
    %sub;
    %pad/u 4;
    %load/vec4 v0x5555571001e0_0;
    %muli 4, 0, 32;
    %ix/vec4/s 4;
    %store/vec4 v0x555557100310_0, 4, 4;
    %jmp T_0.8;
T_0.7 ;
    %pushi/vec4 65, 0, 8; draw_string_vec4
    %load/vec4 v0x5555570ffe80_0;
    %cmp/u;
    %flag_or 5, 4;
    %flag_get/vec4 5;
    %jmp/0 T_0.12, 5;
    %load/vec4 v0x5555570ffe80_0;
    %pushi/vec4 70, 0, 8; draw_string_vec4
    %cmp/u;
    %flag_get/vec4 4;
    %flag_get/vec4 5;
    %or;
    %and;
T_0.12;
    %flag_set/vec4 8;
    %jmp/0xz  T_0.10, 8;
    %pushi/vec4 10, 0, 8;
    %load/vec4 v0x5555570ffe80_0;
    %add;
    %pushi/vec4 65, 0, 8; draw_string_vec4
    %sub;
    %pad/u 4;
    %load/vec4 v0x5555571001e0_0;
    %muli 4, 0, 32;
    %ix/vec4/s 4;
    %store/vec4 v0x555557100310_0, 4, 4;
    %jmp T_0.11;
T_0.10 ;
    %pushi/vec4 97, 0, 8; draw_string_vec4
    %load/vec4 v0x5555570ffe80_0;
    %cmp/u;
    %flag_or 5, 4;
    %flag_get/vec4 5;
    %jmp/0 T_0.15, 5;
    %load/vec4 v0x5555570ffe80_0;
    %pushi/vec4 102, 0, 8; draw_string_vec4
    %cmp/u;
    %flag_get/vec4 4;
    %flag_get/vec4 5;
    %or;
    %and;
T_0.15;
    %flag_set/vec4 8;
    %jmp/0xz  T_0.13, 8;
    %pushi/vec4 10, 0, 8;
    %load/vec4 v0x5555570ffe80_0;
    %add;
    %pushi/vec4 97, 0, 8; draw_string_vec4
    %sub;
    %pad/u 4;
    %load/vec4 v0x5555571001e0_0;
    %muli 4, 0, 32;
    %ix/vec4/s 4;
    %store/vec4 v0x555557100310_0, 4, 4;
T_0.13 ;
T_0.11 ;
T_0.8 ;
T_0.6 ;
T_0.3 ;
T_0.2 ; for-loop step statement
    %load/vec4 v0x5555571001e0_0;
    %addi 1, 0, 32;
    %store/vec4 v0x5555571001e0_0, 0, 32;
    %jmp T_0.0;
T_0.1 ; for-loop exit label
    %load/vec4 v0x555557100310_0;
    %ret/vec4 0, 0, 64;  Assign to convert_initval (store_vec4_to_lval)
    %end;
S_0x555556febdb0 .scope module, "INV" "INV" 2 410;
 .timescale 0 0;
    .port_info 0 /INPUT 1 "A";
    .port_info 1 /OUTPUT 1 "Z";
o0x783b24c2b7e8 .functor BUFZ 1, C4<z>; HiZ drive
v0x555557100e40_0 .net "A", 0 0, o0x783b24c2b7e8;  0 drivers
v0x555557100f20_0 .net "Z", 0 0, L_0x55555710c820;  1 drivers
L_0x55555710c820 .reduce/nor o0x783b24c2b7e8;
S_0x555556febf40 .scope module, "TRELLIS_COMB" "TRELLIS_COMB" 2 416;
 .timescale 0 0;
    .port_info 0 /INPUT 1 "A";
    .port_info 1 /INPUT 1 "B";
    .port_info 2 /INPUT 1 "C";
    .port_info 3 /INPUT 1 "D";
    .port_info 4 /INPUT 1 "M";
    .port_info 5 /INPUT 1 "FCI";
    .port_info 6 /INPUT 1 "F1";
    .port_info 7 /INPUT 1 "FXA";
    .port_info 8 /INPUT 1 "FXB";
    .port_info 9 /INPUT 1 "WD";
    .port_info 10 /INPUT 1 "WAD0";
    .port_info 11 /INPUT 1 "WAD1";
    .port_info 12 /INPUT 1 "WAD2";
    .port_info 13 /INPUT 1 "WAD3";
    .port_info 14 /INPUT 1 "WRE";
    .port_info 15 /INPUT 1 "WCK";
    .port_info 16 /OUTPUT 1 "F";
    .port_info 17 /OUTPUT 1 "FCO";
    .port_info 18 /OUTPUT 1 "OFX";
P_0x555556fec0d0 .param/str "CCU2_INJECT1" 0 2 426, "NO";
P_0x555556fec110 .param/l "INITVAL" 0 2 425, C4<0000000000000000>;
P_0x555556fec150 .param/l "IS_Z1" 0 2 428, C4<0>;
P_0x555556fec190 .param/str "MODE" 0 2 424, "LOGIC";
P_0x555556fec1d0 .param/str "WREMUX" 0 2 427, "WRE";
o0x783b24c2ba28 .functor BUFZ 1, C4<z>; HiZ drive
v0x555557102cd0_0 .net "A", 0 0, o0x783b24c2ba28;  0 drivers
o0x783b24c2ba58 .functor BUFZ 1, C4<z>; HiZ drive
v0x555557102d90_0 .net "B", 0 0, o0x783b24c2ba58;  0 drivers
o0x783b24c2ba88 .functor BUFZ 1, C4<z>; HiZ drive
v0x555557102e60_0 .net "C", 0 0, o0x783b24c2ba88;  0 drivers
o0x783b24c2bab8 .functor BUFZ 1, C4<z>; HiZ drive
v0x555557102f60_0 .net "D", 0 0, o0x783b24c2bab8;  0 drivers
v0x555557103030_0 .net "F", 0 0, L_0x55555710d2b0;  1 drivers
o0x783b24c2b8a8 .functor BUFZ 1, C4<z>; HiZ drive
v0x555557103120_0 .net "F1", 0 0, o0x783b24c2b8a8;  0 drivers
o0x783b24c2bde8 .functor BUFZ 1, C4<z>; HiZ drive
v0x5555571031c0_0 .net "FCI", 0 0, o0x783b24c2bde8;  0 drivers
o0x783b24c2be18 .functor BUFZ 1, C4<z>; HiZ drive
v0x555557103260_0 .net "FCO", 0 0, o0x783b24c2be18;  0 drivers
o0x783b24c2be48 .functor BUFZ 1, C4<z>; HiZ drive
v0x555557103300_0 .net "FXA", 0 0, o0x783b24c2be48;  0 drivers
o0x783b24c2be78 .functor BUFZ 1, C4<z>; HiZ drive
v0x555557103430_0 .net "FXB", 0 0, o0x783b24c2be78;  0 drivers
o0x783b24c2b908 .functor BUFZ 1, C4<z>; HiZ drive
v0x5555571034d0_0 .net "M", 0 0, o0x783b24c2b908;  0 drivers
v0x555557103570_0 .net "OFX", 0 0, L_0x55555710d450;  1 drivers
o0x783b24c2bea8 .functor BUFZ 1, C4<z>; HiZ drive
v0x555557103640_0 .net "WAD0", 0 0, o0x783b24c2bea8;  0 drivers
o0x783b24c2bed8 .functor BUFZ 1, C4<z>; HiZ drive
v0x5555571036e0_0 .net "WAD1", 0 0, o0x783b24c2bed8;  0 drivers
o0x783b24c2bf08 .functor BUFZ 1, C4<z>; HiZ drive
v0x555557103780_0 .net "WAD2", 0 0, o0x783b24c2bf08;  0 drivers
o0x783b24c2bf38 .functor BUFZ 1, C4<z>; HiZ drive
v0x555557103820_0 .net "WAD3", 0 0, o0x783b24c2bf38;  0 drivers
o0x783b24c2bf68 .functor BUFZ 1, C4<z>; HiZ drive
v0x5555571038c0_0 .net "WCK", 0 0, o0x783b24c2bf68;  0 drivers
o0x783b24c2bf98 .functor BUFZ 1, C4<z>; HiZ drive
v0x555557103980_0 .net "WD", 0 0, o0x783b24c2bf98;  0 drivers
o0x783b24c2bfc8 .functor BUFZ 1, C4<z>; HiZ drive
v0x555557103a40_0 .net "WRE", 0 0, o0x783b24c2bfc8;  0 drivers
S_0x555557101040 .scope generate, "genblk2" "genblk2" 2 451, 2 451 0, S_0x555556febf40;
 .timescale 0 0;
S_0x5555571011d0 .scope module, "lut5_mux" "PFUMX" 2 454, 2 179 0, S_0x555557101040;
 .timescale 0 0;
    .port_info 0 /INPUT 1 "ALUT";
    .port_info 1 /INPUT 1 "BLUT";
    .port_info 2 /INPUT 1 "C0";
    .port_info 3 /OUTPUT 1 "Z";
v0x555557101480_0 .net "ALUT", 0 0, o0x783b24c2b8a8;  alias, 0 drivers
v0x555557101540_0 .net "BLUT", 0 0, L_0x55555710d2b0;  alias, 1 drivers
v0x555557101600_0 .net "C0", 0 0, o0x783b24c2b908;  alias, 0 drivers
v0x5555571016d0_0 .net "Z", 0 0, L_0x55555710d450;  alias, 1 drivers
L_0x55555710d450 .functor MUXZ 1, L_0x55555710d2b0, o0x783b24c2b8a8, o0x783b24c2b908, C4<>;
S_0x555557101840 .scope generate, "mode_logic" "mode_logic" 2 431, 2 431 0, S_0x555556febf40;
 .timescale 0 0;
S_0x555557101a40 .scope module, "lut4" "LUT4" 2 432, 2 4 0, S_0x555557101840;
 .timescale 0 0;
    .port_info 0 /INPUT 1 "A";
    .port_info 1 /INPUT 1 "B";
    .port_info 2 /INPUT 1 "C";
    .port_info 3 /INPUT 1 "D";
    .port_info 4 /OUTPUT 1 "Z";
P_0x555557101c20 .param/l "INIT" 0 2 5, C4<0000000000000000>;
v0x555557101ed0_0 .net "A", 0 0, o0x783b24c2ba28;  alias, 0 drivers
v0x555557101f90_0 .net "B", 0 0, o0x783b24c2ba58;  alias, 0 drivers
v0x555557102050_0 .net "C", 0 0, o0x783b24c2ba88;  alias, 0 drivers
v0x555557102120_0 .net "D", 0 0, o0x783b24c2bab8;  alias, 0 drivers
v0x5555571021e0_0 .net "Z", 0 0, L_0x55555710d2b0;  alias, 1 drivers
L_0x783b24bde3c0 .functor BUFT 1, C4<00000000>, C4<0>, C4<0>, C4<0>;
v0x555557102280_0 .net/2u *"_ivl_0", 7 0, L_0x783b24bde3c0;  1 drivers
v0x555557102340_0 .net *"_ivl_13", 1 0, L_0x55555710cd70;  1 drivers
v0x555557102420_0 .net *"_ivl_15", 1 0, L_0x55555710ce60;  1 drivers
v0x555557102500_0 .net *"_ivl_19", 0 0, L_0x55555710d0d0;  1 drivers
L_0x783b24bde408 .functor BUFT 1, C4<00000000>, C4<0>, C4<0>, C4<0>;
v0x5555571025e0_0 .net/2u *"_ivl_2", 7 0, L_0x783b24bde408;  1 drivers
v0x5555571026c0_0 .net *"_ivl_21", 0 0, L_0x55555710d210;  1 drivers
v0x5555571027a0_0 .net *"_ivl_7", 3 0, L_0x55555710ca50;  1 drivers
v0x555557102880_0 .net *"_ivl_9", 3 0, L_0x55555710cb40;  1 drivers
v0x555557102960_0 .net "s1", 1 0, L_0x55555710cf40;  1 drivers
v0x555557102a40_0 .net "s2", 3 0, L_0x55555710cbe0;  1 drivers
v0x555557102b20_0 .net "s3", 7 0, L_0x55555710c8c0;  1 drivers
L_0x55555710c8c0 .functor MUXZ 8, L_0x783b24bde408, L_0x783b24bde3c0, o0x783b24c2bab8, C4<>;
L_0x55555710ca50 .part L_0x55555710c8c0, 4, 4;
L_0x55555710cb40 .part L_0x55555710c8c0, 0, 4;
L_0x55555710cbe0 .functor MUXZ 4, L_0x55555710cb40, L_0x55555710ca50, o0x783b24c2ba88, C4<>;
L_0x55555710cd70 .part L_0x55555710cbe0, 2, 2;
L_0x55555710ce60 .part L_0x55555710cbe0, 0, 2;
L_0x55555710cf40 .functor MUXZ 2, L_0x55555710ce60, L_0x55555710cd70, o0x783b24c2ba58, C4<>;
L_0x55555710d0d0 .part L_0x55555710cf40, 1, 1;
L_0x55555710d210 .part L_0x55555710cf40, 0, 1;
L_0x55555710d2b0 .functor MUXZ 1, L_0x55555710d210, L_0x55555710d0d0, o0x783b24c2ba28, C4<>;
S_0x55555701db00 .scope module, "TRELLIS_DPR16X4" "TRELLIS_DPR16X4" 2 190;
 .timescale 0 0;
    .port_info 0 /INPUT 4 "DI";
    .port_info 1 /INPUT 4 "WAD";
    .port_info 2 /INPUT 1 "WRE";
    .port_info 3 /INPUT 1 "WCK";
    .port_info 4 /INPUT 4 "RAD";
    .port_info 5 /OUTPUT 4 "DO";
P_0x55555701dc90 .param/l "INITVAL" 0 2 200, C4<0000000000000000000000000000000000000000000000000000000000000000>;
P_0x55555701dcd0 .param/str "WCKMUX" 0 2 198, "WCK";
P_0x55555701dd10 .param/str "WREMUX" 0 2 199, "WRE";
o0x783b24c2c448 .functor BUFZ 1, C4<z>; HiZ drive
L_0x55555710d620 .functor BUFZ 1, o0x783b24c2c448, C4<0>, C4<0>, C4<0>;
L_0x55555710d870 .functor BUFZ 4, L_0x55555710d690, C4<0000>, C4<0000>, C4<0000>;
o0x783b24c2c388 .functor BUFZ 4, C4<zzzz>; HiZ drive
v0x55555701ea70_0 .net "DI", 3 0, o0x783b24c2c388;  0 drivers
v0x555557103f40_0 .net "DO", 3 0, L_0x55555710d870;  1 drivers
o0x783b24c2c3e8 .functor BUFZ 4, C4<zzzz>; HiZ drive
v0x555557104020_0 .net "RAD", 3 0, o0x783b24c2c3e8;  0 drivers
o0x783b24c2c418 .functor BUFZ 4, C4<zzzz>; HiZ drive
v0x555557104110_0 .net "WAD", 3 0, o0x783b24c2c418;  0 drivers
v0x5555571041f0_0 .net "WCK", 0 0, o0x783b24c2c448;  0 drivers
o0x783b24c2c478 .functor BUFZ 1, C4<z>; HiZ drive
v0x5555571042b0_0 .net "WRE", 0 0, o0x783b24c2c478;  0 drivers
v0x555557104370_0 .net *"_ivl_2", 3 0, L_0x55555710d690;  1 drivers
v0x555557104450_0 .net *"_ivl_4", 5 0, L_0x55555710d730;  1 drivers
L_0x783b24bde450 .functor BUFT 1, C4<00>, C4<0>, C4<0>, C4<0>;
v0x555557104530_0 .net *"_ivl_7", 1 0, L_0x783b24bde450;  1 drivers
v0x555557104610_0 .var/i "i", 31 0;
v0x5555571046f0 .array "mem", 0 15, 3 0;
v0x5555571047b0_0 .net "muxwck", 0 0, L_0x55555710d620;  1 drivers
v0x555557104870_0 .var "muxwre", 0 0;
E_0x555557103e00 .event posedge, v0x5555571047b0_0;
E_0x555557103e80 .event anyedge, v0x5555571042b0_0;
L_0x55555710d690 .array/port v0x5555571046f0, L_0x55555710d730;
L_0x55555710d730 .concat [ 4 2 0 0], o0x783b24c2c3e8, L_0x783b24bde450;
S_0x5555570020f0 .scope module, "TRELLIS_FF" "TRELLIS_FF" 2 311;
 .timescale 0 0;
    .port_info 0 /INPUT 1 "CLK";
    .port_info 1 /INPUT 1 "LSR";
    .port_info 2 /INPUT 1 "CE";
    .port_info 3 /INPUT 1 "DI";
    .port_info 4 /INPUT 1 "M";
    .port_info 5 /OUTPUT 1 "Q";
P_0x555557002280 .param/str "CEMUX" 0 2 313, "\000\000\000\000\000\000\000\000\000\000\000\000\000\000\0001";
P_0x5555570022c0 .param/str "CLKMUX" 0 2 314, "CLK";
P_0x555557002300 .param/str "GSR" 0 2 312, "ENABLED";
P_0x555557002340 .param/str "LSRMODE" 0 2 318, "\000\000\000\000\000\000\000\000\000\000\000\000\000LSR";
P_0x555557002380 .param/str "LSRMUX" 0 2 315, "LSR";
P_0x5555570023c0 .param/str "REGSET" 0 2 317, "RESET";
P_0x555557002400 .param/str "SRMODE" 0 2 316, "LSR_OVER_CE";
o0x783b24c2c778 .functor BUFZ 1, C4<z>; HiZ drive
L_0x55555710da40 .functor BUFZ 1, o0x783b24c2c778, C4<0>, C4<0>, C4<0>;
o0x783b24c2c718 .functor BUFZ 1, C4<z>; HiZ drive
L_0x55555710dab0 .functor BUFZ 1, o0x783b24c2c718, C4<0>, C4<0>, C4<0>;
o0x783b24c2c6e8 .functor BUFZ 1, C4<z>; HiZ drive
v0x555557104fe0_0 .net "CE", 0 0, o0x783b24c2c6e8;  0 drivers
v0x5555571050a0_0 .net "CLK", 0 0, o0x783b24c2c718;  0 drivers
o0x783b24c2c748 .functor BUFZ 1, C4<z>; HiZ drive
v0x555557105160_0 .net "DI", 0 0, o0x783b24c2c748;  0 drivers
v0x555557105230_0 .net "LSR", 0 0, o0x783b24c2c778;  0 drivers
o0x783b24c2c7a8 .functor BUFZ 1, C4<z>; HiZ drive
v0x5555571052f0_0 .net "M", 0 0, o0x783b24c2c7a8;  0 drivers
v0x555557105400_0 .var "Q", 0 0;
L_0x783b24bde498 .functor BUFT 1, C4<1>, C4<0>, C4<0>, C4<0>;
v0x5555571054c0_0 .net "muxce", 0 0, L_0x783b24bde498;  1 drivers
v0x555557105580_0 .net "muxclk", 0 0, L_0x55555710dab0;  1 drivers
v0x555557105640_0 .net "muxlsr", 0 0, L_0x55555710da40;  1 drivers
L_0x783b24bde4e0 .functor BUFT 1, C4<0>, C4<0>, C4<0>, C4<0>;
v0x555557105790_0 .net "srval", 0 0, L_0x783b24bde4e0;  1 drivers
S_0x555557104a30 .scope generate, "genblk1" "genblk1" 2 322, 2 322 0, S_0x5555570020f0;
 .timescale 0 0;
S_0x555557104be0 .scope generate, "genblk2" "genblk2" 2 334, 2 334 0, S_0x5555570020f0;
 .timescale 0 0;
S_0x555557104de0 .scope generate, "genblk3" "genblk3" 2 343, 2 343 0, S_0x5555570020f0;
 .timescale 0 0;
E_0x5555570d8e40 .event posedge, v0x555557105580_0;
S_0x555556faedb0 .scope module, "TRELLIS_IO" "TRELLIS_IO" 2 380;
 .timescale 0 0;
    .port_info 0 /INOUT 1 "B";
    .port_info 1 /INPUT 1 "I";
    .port_info 2 /INPUT 1 "T";
    .port_info 3 /OUTPUT 1 "O";
P_0x5555570626c0 .param/str "DIR" 0 2 387, "INPUT";
o0x783b24c2c9e8 .functor BUFZ 1, C4<z>; HiZ drive
v0x555557105b40_0 .net "B", 0 0, o0x783b24c2c9e8;  0 drivers
o0x783b24c2ca18 .functor BUFZ 1, C4<z>; HiZ drive
v0x555557105c40_0 .net "I", 0 0, o0x783b24c2ca18;  0 drivers
v0x555557105d00_0 .net "O", 0 0, L_0x55555710db20;  1 drivers
o0x783b24c2ca78 .functor BUFZ 1, C4<z>; HiZ drive
v0x555557105da0_0 .net "T", 0 0, o0x783b24c2ca78;  0 drivers
v0x555557105e60_0 .var "T_pd", 0 0;
E_0x5555570d7b60 .event anyedge, v0x555557105da0_0;
S_0x555557105990 .scope generate, "genblk1" "genblk1" 2 392, 2 392 0, S_0x555556faedb0;
 .timescale 0 0;
L_0x55555710db20 .functor BUFZ 1, o0x783b24c2c9e8, C4<0>, C4<0>, C4<0>;
S_0x555556faef90 .scope module, "TRELLIS_RAM16X2" "TRELLIS_RAM16X2" 2 138;
 .timescale 0 0;
    .port_info 0 /INPUT 1 "DI0";
    .port_info 1 /INPUT 1 "DI1";
    .port_info 2 /INPUT 1 "WAD0";
    .port_info 3 /INPUT 1 "WAD1";
    .port_info 4 /INPUT 1 "WAD2";
    .port_info 5 /INPUT 1 "WAD3";
    .port_info 6 /INPUT 1 "WRE";
    .port_info 7 /INPUT 1 "WCK";
    .port_info 8 /INPUT 1 "RAD0";
    .port_info 9 /INPUT 1 "RAD1";
    .port_info 10 /INPUT 1 "RAD2";
    .port_info 11 /INPUT 1 "RAD3";
    .port_info 12 /OUTPUT 1 "DO0";
    .port_info 13 /OUTPUT 1 "DO1";
P_0x5555570d4280 .param/l "INITVAL_0" 0 2 147, C4<0000000000000000>;
P_0x5555570d42c0 .param/l "INITVAL_1" 0 2 148, C4<0000000000000000>;
P_0x5555570d4300 .param/str "WCKMUX" 0 2 145, "WCK";
P_0x5555570d4340 .param/str "WREMUX" 0 2 146, "WRE";
o0x783b24c2cdd8 .functor BUFZ 1, C4<z>; HiZ drive
L_0x55555710db90 .functor BUFZ 1, o0x783b24c2cdd8, C4<0>, C4<0>, C4<0>;
L_0x55555710e2d0 .functor BUFZ 2, L_0x55555710de80, C4<00>, C4<00>, C4<00>;
o0x783b24c2cb98 .functor BUFZ 1, C4<z>; HiZ drive
v0x5555571060d0_0 .net "DI0", 0 0, o0x783b24c2cb98;  0 drivers
o0x783b24c2cbc8 .functor BUFZ 1, C4<z>; HiZ drive
v0x5555571061b0_0 .net "DI1", 0 0, o0x783b24c2cbc8;  0 drivers
v0x555557106270_0 .net "DO0", 0 0, L_0x55555710dd60;  1 drivers
v0x555557106310_0 .net "DO1", 0 0, L_0x55555710dc60;  1 drivers
o0x783b24c2cc58 .functor BUFZ 1, C4<z>; HiZ drive
v0x5555571063d0_0 .net "RAD0", 0 0, o0x783b24c2cc58;  0 drivers
o0x783b24c2cc88 .functor BUFZ 1, C4<z>; HiZ drive
v0x5555571064e0_0 .net "RAD1", 0 0, o0x783b24c2cc88;  0 drivers
o0x783b24c2ccb8 .functor BUFZ 1, C4<z>; HiZ drive
v0x5555571065a0_0 .net "RAD2", 0 0, o0x783b24c2ccb8;  0 drivers
o0x783b24c2cce8 .functor BUFZ 1, C4<z>; HiZ drive
v0x555557106660_0 .net "RAD3", 0 0, o0x783b24c2cce8;  0 drivers
o0x783b24c2cd18 .functor BUFZ 1, C4<z>; HiZ drive
v0x555557106720_0 .net "WAD0", 0 0, o0x783b24c2cd18;  0 drivers
o0x783b24c2cd48 .functor BUFZ 1, C4<z>; HiZ drive
v0x555557106870_0 .net "WAD1", 0 0, o0x783b24c2cd48;  0 drivers
o0x783b24c2cd78 .functor BUFZ 1, C4<z>; HiZ drive
v0x555557106930_0 .net "WAD2", 0 0, o0x783b24c2cd78;  0 drivers
o0x783b24c2cda8 .functor BUFZ 1, C4<z>; HiZ drive
v0x5555571069f0_0 .net "WAD3", 0 0, o0x783b24c2cda8;  0 drivers
v0x555557106ab0_0 .net "WCK", 0 0, o0x783b24c2cdd8;  0 drivers
o0x783b24c2ce08 .functor BUFZ 1, C4<z>; HiZ drive
v0x555557106b70_0 .net "WRE", 0 0, o0x783b24c2ce08;  0 drivers
L_0x783b24bde528 .functor BUFT 1, C4<00>, C4<0>, C4<0>, C4<0>;
v0x555557106c30_0 .net *"_ivl_12", 1 0, L_0x783b24bde528;  1 drivers
v0x555557106d10_0 .net *"_ivl_14", 1 0, L_0x55555710e2d0;  1 drivers
v0x555557106df0_0 .net *"_ivl_5", 1 0, L_0x55555710de80;  1 drivers
v0x555557106fe0_0 .net *"_ivl_7", 3 0, L_0x55555710df50;  1 drivers
v0x5555571070c0_0 .net *"_ivl_9", 5 0, L_0x55555710e140;  1 drivers
v0x5555571071a0_0 .var/i "i", 31 0;
v0x555557107280 .array "mem", 0 15, 1 0;
v0x555557107340_0 .net "muxwck", 0 0, L_0x55555710db90;  1 drivers
v0x555557107400_0 .var "muxwre", 0 0;
E_0x555557105ff0 .event posedge, v0x555557107340_0;
E_0x555557106070 .event anyedge, v0x555557106b70_0;
L_0x55555710dc60 .part L_0x55555710e2d0, 1, 1;
L_0x55555710dd60 .part L_0x55555710e2d0, 0, 1;
L_0x55555710de80 .array/port v0x555557107280, L_0x55555710e140;
L_0x55555710df50 .concat [ 1 1 1 1], o0x783b24c2cc58, o0x783b24c2cc88, o0x783b24c2ccb8, o0x783b24c2cce8;
L_0x55555710e140 .concat [ 4 2 0 0], L_0x55555710df50, L_0x783b24bde528;
S_0x555556ff0340 .scope module, "main" "main" 3 6;
 .timescale 0 0;
    .port_info 0 /INPUT 1 "vd65768";
    .port_info 1 /INPUT 1 "vfb415d";
    .port_info 2 /OUTPUT 1 "v1cd7a1";
    .port_info 3 /OUTPUT 1 "vd22322";
    .port_info 4 /OUTPUT 1 "v5e2ae9";
    .port_info 5 /OUTPUT 1 "v83bb42";
    .port_info 6 /OUTPUT 1 "v266c55";
L_0x55555710e390 .functor BUFZ 1, v0x555557108520_0, C4<0>, C4<0>, C4<0>;
L_0x55555710e450 .functor BUFZ 1, v0x555557108600_0, C4<0>, C4<0>, C4<0>;
L_0x55555710e510 .functor BUFZ 1, v0x555557108850_0, C4<0>, C4<0>, C4<0>;
L_0x55555710e5d0 .functor BUFZ 1, v0x555557108960_0, C4<0>, C4<0>, C4<0>;
o0x783b24c2d768 .functor BUFZ 1, C4<z>; HiZ drive
L_0x55555710e6c0 .functor BUFZ 1, o0x783b24c2d768, C4<0>, C4<0>, C4<0>;
L_0x55555710e780 .functor BUFZ 1, L_0x55555710e940, C4<0>, C4<0>, C4<0>;
o0x783b24c2d798 .functor BUFZ 1, C4<z>; HiZ drive
L_0x55555710e880 .functor BUFZ 1, o0x783b24c2d798, C4<0>, C4<0>, C4<0>;
v0x555557108fe0_0 .net "v1cd7a1", 0 0, L_0x55555710e390;  1 drivers
v0x5555571090c0_0 .net "v266c55", 0 0, L_0x55555710e780;  1 drivers
v0x555557109180_0 .net "v5e2ae9", 0 0, L_0x55555710e510;  1 drivers
v0x555557109220_0 .net "v83bb42", 0 0, L_0x55555710e5d0;  1 drivers
v0x5555571092e0_0 .net "vd22322", 0 0, L_0x55555710e450;  1 drivers
v0x5555571093a0_0 .net "vd65768", 0 0, o0x783b24c2d768;  0 drivers
v0x555557109460_0 .net "vfb415d", 0 0, o0x783b24c2d798;  0 drivers
v0x555557109520_0 .net "w0", 0 0, v0x555557108520_0;  1 drivers
v0x5555571095c0_0 .net "w1", 0 0, v0x555557108600_0;  1 drivers
v0x555557109720_0 .net "w2", 0 0, v0x555557108850_0;  1 drivers
v0x5555571097f0_0 .net "w3", 0 0, v0x555557108960_0;  1 drivers
v0x5555571098c0_0 .net "w4", 0 0, L_0x55555710e6c0;  1 drivers
v0x555557109990_0 .net "w5", 0 0, L_0x55555710e940;  1 drivers
v0x555557109a60_0 .net "w6", 0 0, L_0x55555710e880;  1 drivers
S_0x555557107680 .scope module, "v2c0e14" "vfebcfe" 3 29, 3 43 0, S_0x555556ff0340;
 .timescale 0 0;
    .port_info 0 /OUTPUT 1 "v9fb85f";
L_0x783b24bde570 .functor BUFT 1, C4<1>, C4<0>, C4<0>, C4<0>;
L_0x55555710e940 .functor BUFZ 1, L_0x783b24bde570, C4<0>, C4<0>, C4<0>;
v0x555557107bc0_0 .net "v9fb85f", 0 0, L_0x55555710e940;  alias, 1 drivers
v0x555557107c80_0 .net "w0", 0 0, L_0x783b24bde570;  1 drivers
S_0x555557107850 .scope module, "vb2eccd" "vfebcfe_vb2eccd" 3 48, 3 59 0, S_0x555557107680;
 .timescale 0 0;
    .port_info 0 /OUTPUT 1 "q";
v0x555557107aa0_0 .net "q", 0 0, L_0x783b24bde570;  alias, 1 drivers
S_0x555557107d70 .scope module, "vec19c0" "main_vec19c0" 3 32, 3 68 0, S_0x555556ff0340;
 .timescale 0 0;
    .port_info 0 /INPUT 1 "clk";
    .port_info 1 /INPUT 1 "en";
    .port_info 2 /OUTPUT 1 "ain1";
    .port_info 3 /OUTPUT 1 "ain2";
    .port_info 4 /OUTPUT 1 "bin1";
    .port_info 5 /OUTPUT 1 "bin2";
P_0x555557091330 .param/l "CLKS_PER_STEP" 1 3 87, +C4<00000000000000011110100001001000>;
P_0x555557091370 .param/l "S0" 1 3 96, C4<000>;
P_0x5555570913b0 .param/l "S1" 1 3 97, C4<001>;
P_0x5555570913f0 .param/l "S2" 1 3 98, C4<010>;
P_0x555557091430 .param/l "S3" 1 3 99, C4<011>;
P_0x555557091470 .param/l "S4" 1 3 100, C4<100>;
P_0x5555570914b0 .param/l "S5" 1 3 101, C4<101>;
P_0x5555570914f0 .param/l "S6" 1 3 102, C4<110>;
P_0x555557091530 .param/l "S7" 1 3 103, C4<111>;
v0x555557108520_0 .var "a1", 0 0;
v0x555557108600_0 .var "a2", 0 0;
v0x5555571086c0_0 .net "ain1", 0 0, v0x555557108520_0;  alias, 1 drivers
v0x555557108790_0 .net "ain2", 0 0, v0x555557108600_0;  alias, 1 drivers
v0x555557108850_0 .var "b1", 0 0;
v0x555557108960_0 .var "b2", 0 0;
v0x555557108a20_0 .net "bin1", 0 0, v0x555557108850_0;  alias, 1 drivers
v0x555557108ae0_0 .net "bin2", 0 0, v0x555557108960_0;  alias, 1 drivers
v0x555557108ba0_0 .net "clk", 0 0, L_0x55555710e6c0;  alias, 1 drivers
v0x555557108c60_0 .net "en", 0 0, L_0x55555710e880;  alias, 1 drivers
v0x555557108d20_0 .var "speed_counter", 23 0;
v0x555557108e00_0 .var "state", 2 0;
E_0x555557108460 .event anyedge, v0x555557108c60_0, v0x555557108e00_0;
E_0x5555571084c0 .event posedge, v0x555557108ba0_0;
    .scope S_0x555556fee060;
T_1 ;
    %pushi/vec4 0, 0, 32;
    %store/vec4 v0x555557100be0_0, 0, 32;
T_1.0 ; Top of for-loop 
    %load/vec4 v0x555557100be0_0;
    %cmpi/s 15, 0, 32;
    %jmp/0xz T_1.1, 5;
    %pushi/vec4 0, 0, 64;
    %load/vec4 v0x555557100be0_0;
    %muli 4, 0, 32;
    %part/s 4;
    %ix/getv/s 3, v0x555557100be0_0;
    %ix/load 4, 0, 0; Constant delay
    %assign/vec4/a/d v0x555557100cc0, 0, 4;
T_1.2 ; for-loop step statement
    %load/vec4 v0x555557100be0_0;
    %addi 1, 0, 32;
    %store/vec4 v0x555557100be0_0, 0, 32;
    %jmp T_1.0;
T_1.1 ; for-loop exit label
    %end;
    .thread T_1;
    .scope S_0x555556fee060;
T_2 ;
    %wait E_0x55555701a8c0;
    %load/vec4 v0x555557100880_0;
    %flag_set/vec4 8;
    %jmp/0xz  T_2.0, 8;
    %load/vec4 v0x5555571003f0_0;
    %load/vec4 v0x555557100690_0;
    %pad/u 6;
    %ix/vec4 3;
    %ix/load 4, 0, 0; Constant delay
    %assign/vec4/a/d v0x555557100cc0, 0, 4;
T_2.0 ;
    %jmp T_2;
    .thread T_2;
    .scope S_0x55555701db00;
T_3 ;
    %pushi/vec4 0, 0, 32;
    %store/vec4 v0x555557104610_0, 0, 32;
T_3.0 ; Top of for-loop 
    %load/vec4 v0x555557104610_0;
    %cmpi/s 16, 0, 32;
    %jmp/0xz T_3.1, 5;
    %pushi/vec4 0, 0, 64;
    %load/vec4 v0x555557104610_0;
    %muli 4, 0, 32;
    %part/s 4;
    %ix/getv/s 3, v0x555557104610_0;
    %ix/load 4, 0, 0; Constant delay
    %assign/vec4/a/d v0x5555571046f0, 0, 4;
T_3.2 ; for-loop step statement
    %load/vec4 v0x555557104610_0;
    %addi 1, 0, 32;
    %store/vec4 v0x555557104610_0, 0, 32;
    %jmp T_3.0;
T_3.1 ; for-loop exit label
    %end;
    .thread T_3;
    .scope S_0x55555701db00;
T_4 ;
    %wait E_0x555557103e80;
    %pushi/vec4 5722693, 0, 24; draw_string_vec4
    %dup/vec4;
    %pushi/vec4 49, 0, 24; draw_string_vec4
    %cmp/u;
    %jmp/1 T_4.0, 6;
    %dup/vec4;
    %pushi/vec4 48, 0, 24; draw_string_vec4
    %cmp/u;
    %jmp/1 T_4.1, 6;
    %dup/vec4;
    %pushi/vec4 4804182, 0, 24; draw_string_vec4
    %cmp/u;
    %jmp/1 T_4.2, 6;
    %load/vec4 v0x5555571042b0_0;
    %store/vec4 v0x555557104870_0, 0, 1;
    %jmp T_4.4;
T_4.0 ;
    %pushi/vec4 1, 0, 1;
    %store/vec4 v0x555557104870_0, 0, 1;
    %jmp T_4.4;
T_4.1 ;
    %pushi/vec4 0, 0, 1;
    %store/vec4 v0x555557104870_0, 0, 1;
    %jmp T_4.4;
T_4.2 ;
    %load/vec4 v0x5555571042b0_0;
    %inv;
    %store/vec4 v0x555557104870_0, 0, 1;
    %jmp T_4.4;
T_4.4 ;
    %pop/vec4 1;
    %jmp T_4;
    .thread T_4, $push;
    .scope S_0x55555701db00;
T_5 ;
    %wait E_0x555557103e00;
    %load/vec4 v0x555557104870_0;
    %flag_set/vec4 8;
    %jmp/0xz  T_5.0, 8;
    %load/vec4 v0x55555701ea70_0;
    %load/vec4 v0x555557104110_0;
    %pad/u 6;
    %ix/vec4 3;
    %ix/load 4, 0, 0; Constant delay
    %assign/vec4/a/d v0x5555571046f0, 0, 4;
T_5.0 ;
    %jmp T_5;
    .thread T_5;
    .scope S_0x555557104de0;
T_6 ;
    %wait E_0x5555570d8e40;
    %load/vec4 v0x555557105640_0;
    %flag_set/vec4 8;
    %jmp/0xz  T_6.0, 8;
    %load/vec4 v0x555557105790_0;
    %assign/vec4 v0x555557105400_0, 0;
    %jmp T_6.1;
T_6.0 ;
    %load/vec4 v0x5555571054c0_0;
    %flag_set/vec4 8;
    %jmp/0xz  T_6.2, 8;
    %load/vec4 v0x555557105160_0;
    %assign/vec4 v0x555557105400_0, 0;
T_6.2 ;
T_6.1 ;
    %jmp T_6;
    .thread T_6;
    .scope S_0x5555570020f0;
T_7 ;
    %load/vec4 v0x555557105790_0;
    %store/vec4 v0x555557105400_0, 0, 1;
    %end;
    .thread T_7;
    .scope S_0x555556faedb0;
T_8 ;
    %wait E_0x5555570d7b60;
    %load/vec4 v0x555557105da0_0;
    %cmpi/e 0, 1, 1;
    %jmp/0xz  T_8.0, 6;
    %pushi/vec4 0, 0, 1;
    %assign/vec4 v0x555557105e60_0, 0;
    %jmp T_8.1;
T_8.0 ;
    %load/vec4 v0x555557105da0_0;
    %assign/vec4 v0x555557105e60_0, 0;
T_8.1 ;
    %jmp T_8;
    .thread T_8, $push;
    .scope S_0x555556faef90;
T_9 ;
    %pushi/vec4 0, 0, 32;
    %store/vec4 v0x5555571071a0_0, 0, 32;
T_9.0 ; Top of for-loop 
    %load/vec4 v0x5555571071a0_0;
    %cmpi/s 16, 0, 32;
    %jmp/0xz T_9.1, 5;
    %pushi/vec4 0, 0, 16;
    %load/vec4 v0x5555571071a0_0;
    %part/s 1;
    %pushi/vec4 0, 0, 16;
    %load/vec4 v0x5555571071a0_0;
    %part/s 1;
    %concat/vec4; draw_concat_vec4
    %ix/getv/s 3, v0x5555571071a0_0;
    %ix/load 4, 0, 0; Constant delay
    %assign/vec4/a/d v0x555557107280, 0, 4;
T_9.2 ; for-loop step statement
    %load/vec4 v0x5555571071a0_0;
    %addi 1, 0, 32;
    %store/vec4 v0x5555571071a0_0, 0, 32;
    %jmp T_9.0;
T_9.1 ; for-loop exit label
    %end;
    .thread T_9;
    .scope S_0x555556faef90;
T_10 ;
    %wait E_0x555557106070;
    %pushi/vec4 5722693, 0, 24; draw_string_vec4
    %dup/vec4;
    %pushi/vec4 49, 0, 24; draw_string_vec4
    %cmp/u;
    %jmp/1 T_10.0, 6;
    %dup/vec4;
    %pushi/vec4 48, 0, 24; draw_string_vec4
    %cmp/u;
    %jmp/1 T_10.1, 6;
    %dup/vec4;
    %pushi/vec4 4804182, 0, 24; draw_string_vec4
    %cmp/u;
    %jmp/1 T_10.2, 6;
    %load/vec4 v0x555557106b70_0;
    %store/vec4 v0x555557107400_0, 0, 1;
    %jmp T_10.4;
T_10.0 ;
    %pushi/vec4 1, 0, 1;
    %store/vec4 v0x555557107400_0, 0, 1;
    %jmp T_10.4;
T_10.1 ;
    %pushi/vec4 0, 0, 1;
    %store/vec4 v0x555557107400_0, 0, 1;
    %jmp T_10.4;
T_10.2 ;
    %load/vec4 v0x555557106b70_0;
    %inv;
    %store/vec4 v0x555557107400_0, 0, 1;
    %jmp T_10.4;
T_10.4 ;
    %pop/vec4 1;
    %jmp T_10;
    .thread T_10, $push;
    .scope S_0x555556faef90;
T_11 ;
    %wait E_0x555557105ff0;
    %load/vec4 v0x555557107400_0;
    %flag_set/vec4 8;
    %jmp/0xz  T_11.0, 8;
    %load/vec4 v0x5555571061b0_0;
    %load/vec4 v0x5555571060d0_0;
    %concat/vec4; draw_concat_vec4
    %load/vec4 v0x5555571069f0_0;
    %load/vec4 v0x555557106930_0;
    %concat/vec4; draw_concat_vec4
    %load/vec4 v0x555557106870_0;
    %concat/vec4; draw_concat_vec4
    %load/vec4 v0x555557106720_0;
    %concat/vec4; draw_concat_vec4
    %pad/u 6;
    %ix/vec4 3;
    %ix/load 4, 0, 0; Constant delay
    %assign/vec4/a/d v0x555557107280, 0, 4;
T_11.0 ;
    %jmp T_11;
    .thread T_11;
    .scope S_0x555557107d70;
T_12 ;
    %wait E_0x5555571084c0;
    %load/vec4 v0x555557108d20_0;
    %pad/u 32;
    %cmpi/u 124999, 0, 32;
    %flag_inv 5; GE is !LT
    %jmp/0xz  T_12.0, 5;
    %pushi/vec4 0, 0, 24;
    %assign/vec4 v0x555557108d20_0, 0;
    %load/vec4 v0x555557108e00_0;
    %cmpi/e 7, 0, 3;
    %jmp/0xz  T_12.2, 4;
    %pushi/vec4 0, 0, 3;
    %assign/vec4 v0x555557108e00_0, 0;
    %jmp T_12.3;
T_12.2 ;
    %load/vec4 v0x555557108e00_0;
    %addi 1, 0, 3;
    %assign/vec4 v0x555557108e00_0, 0;
T_12.3 ;
    %jmp T_12.1;
T_12.0 ;
    %load/vec4 v0x555557108d20_0;
    %addi 1, 0, 24;
    %assign/vec4 v0x555557108d20_0, 0;
T_12.1 ;
    %jmp T_12;
    .thread T_12;
    .scope S_0x555557107d70;
T_13 ;
    %wait E_0x555557108460;
    %load/vec4 v0x555557108c60_0;
    %pad/u 32;
    %cmpi/ne 0, 0, 32;
    %jmp/0xz  T_13.0, 4;
    %load/vec4 v0x555557108e00_0;
    %dup/vec4;
    %pushi/vec4 0, 0, 3;
    %cmp/u;
    %jmp/1 T_13.2, 6;
    %dup/vec4;
    %pushi/vec4 1, 0, 3;
    %cmp/u;
    %jmp/1 T_13.3, 6;
    %dup/vec4;
    %pushi/vec4 2, 0, 3;
    %cmp/u;
    %jmp/1 T_13.4, 6;
    %dup/vec4;
    %pushi/vec4 3, 0, 3;
    %cmp/u;
    %jmp/1 T_13.5, 6;
    %dup/vec4;
    %pushi/vec4 4, 0, 3;
    %cmp/u;
    %jmp/1 T_13.6, 6;
    %dup/vec4;
    %pushi/vec4 5, 0, 3;
    %cmp/u;
    %jmp/1 T_13.7, 6;
    %dup/vec4;
    %pushi/vec4 6, 0, 3;
    %cmp/u;
    %jmp/1 T_13.8, 6;
    %dup/vec4;
    %pushi/vec4 7, 0, 3;
    %cmp/u;
    %jmp/1 T_13.9, 6;
    %pushi/vec4 0, 0, 1;
    %store/vec4 v0x555557108520_0, 0, 1;
    %pushi/vec4 0, 0, 1;
    %store/vec4 v0x555557108600_0, 0, 1;
    %pushi/vec4 0, 0, 1;
    %store/vec4 v0x555557108850_0, 0, 1;
    %pushi/vec4 0, 0, 1;
    %store/vec4 v0x555557108960_0, 0, 1;
    %jmp T_13.11;
T_13.2 ;
    %pushi/vec4 1, 0, 1;
    %store/vec4 v0x555557108520_0, 0, 1;
    %pushi/vec4 0, 0, 1;
    %store/vec4 v0x555557108600_0, 0, 1;
    %pushi/vec4 1, 0, 1;
    %store/vec4 v0x555557108850_0, 0, 1;
    %pushi/vec4 0, 0, 1;
    %store/vec4 v0x555557108960_0, 0, 1;
    %jmp T_13.11;
T_13.3 ;
    %pushi/vec4 1, 0, 1;
    %store/vec4 v0x555557108520_0, 0, 1;
    %pushi/vec4 0, 0, 1;
    %store/vec4 v0x555557108600_0, 0, 1;
    %pushi/vec4 0, 0, 1;
    %store/vec4 v0x555557108850_0, 0, 1;
    %pushi/vec4 0, 0, 1;
    %store/vec4 v0x555557108960_0, 0, 1;
    %jmp T_13.11;
T_13.4 ;
    %pushi/vec4 0, 0, 1;
    %store/vec4 v0x555557108520_0, 0, 1;
    %pushi/vec4 1, 0, 1;
    %store/vec4 v0x555557108600_0, 0, 1;
    %pushi/vec4 1, 0, 1;
    %store/vec4 v0x555557108850_0, 0, 1;
    %pushi/vec4 0, 0, 1;
    %store/vec4 v0x555557108960_0, 0, 1;
    %jmp T_13.11;
T_13.5 ;
    %pushi/vec4 0, 0, 1;
    %store/vec4 v0x555557108520_0, 0, 1;
    %pushi/vec4 0, 0, 1;
    %store/vec4 v0x555557108600_0, 0, 1;
    %pushi/vec4 1, 0, 1;
    %store/vec4 v0x555557108850_0, 0, 1;
    %pushi/vec4 0, 0, 1;
    %store/vec4 v0x555557108960_0, 0, 1;
    %jmp T_13.11;
T_13.6 ;
    %pushi/vec4 0, 0, 1;
    %store/vec4 v0x555557108520_0, 0, 1;
    %pushi/vec4 1, 0, 1;
    %store/vec4 v0x555557108600_0, 0, 1;
    %pushi/vec4 0, 0, 1;
    %store/vec4 v0x555557108850_0, 0, 1;
    %pushi/vec4 1, 0, 1;
    %store/vec4 v0x555557108960_0, 0, 1;
    %jmp T_13.11;
T_13.7 ;
    %pushi/vec4 0, 0, 1;
    %store/vec4 v0x555557108520_0, 0, 1;
    %pushi/vec4 1, 0, 1;
    %store/vec4 v0x555557108600_0, 0, 1;
    %pushi/vec4 0, 0, 1;
    %store/vec4 v0x555557108850_0, 0, 1;
    %pushi/vec4 0, 0, 1;
    %store/vec4 v0x555557108960_0, 0, 1;
    %jmp T_13.11;
T_13.8 ;
    %pushi/vec4 1, 0, 1;
    %store/vec4 v0x555557108520_0, 0, 1;
    %pushi/vec4 0, 0, 1;
    %store/vec4 v0x555557108600_0, 0, 1;
    %pushi/vec4 0, 0, 1;
    %store/vec4 v0x555557108850_0, 0, 1;
    %pushi/vec4 1, 0, 1;
    %store/vec4 v0x555557108960_0, 0, 1;
    %jmp T_13.11;
T_13.9 ;
    %pushi/vec4 0, 0, 1;
    %store/vec4 v0x555557108520_0, 0, 1;
    %pushi/vec4 0, 0, 1;
    %store/vec4 v0x555557108600_0, 0, 1;
    %pushi/vec4 0, 0, 1;
    %store/vec4 v0x555557108850_0, 0, 1;
    %pushi/vec4 1, 0, 1;
    %store/vec4 v0x555557108960_0, 0, 1;
    %jmp T_13.11;
T_13.11 ;
    %pop/vec4 1;
T_13.0 ;
    %jmp T_13;
    .thread T_13, $push;
# The file index is used to find the file name in the following table.
:file_names 4;
    "N/A";
    "<interactive>";
    "/home/amir/.icestudio/apio/packages/tools-oss-cad-suite/share/yosys/ecp5/cells_sim.v";
    "main.v";
